🔬 w10 통계 (탐색적 · 사후) · 프로토콜 docs/date/2026-09-03_12th_meeting/research_note/w10_unconstrained_methods_protocol.md §5
입력 /home/junkim/paper_ajou_dev/PanDerm/output_dir/p6_regime_f · prefix=w10_

  [ok]   E1 CP oral_diseases: w10_cp_fold_scores_oral_diseases.csv (75 행 · 5 팔)
  [ok]   E1 CP aptos2019: w10_cp_fold_scores_aptos2019.csv (25 행 · 5 팔)
  [ok]   E2 분리 학습: w10_decouple_fold_scores.csv (70 행 · 14 팔)
  [ok]   Regime F 기준 (읽기 전용): 5 파일 · 150 행
  [ok]   w6 Regime P (참고): w6_regimeP_fold_scores.csv (10 행 · 2 팔)
  [ok]   w6b B0P_plain (참고): w6b_regimeP_plain_fold_scores.csv (5 행 · 1 팔)

============================================================================================================================
Q1 — 라벨 없는 계속 사전학습(CP)이 동결 기준선을 올렸는가 (E1)
----------------------------------------------------------------------------------------------------------------------------
arm             base          metric           n         Δ               95% CI    NBp   Holm     하한    사후MDE    승  판정/비고
A0cp            A0            bacc            15   +0.0126    [-0.0431,+0.0684]  0.634  0.634  0.032   0.0783 10/15  서술만 (하한 이내) · CP 전후 기준선
B0cp            B0            bacc             5   -0.0331    [-0.0685,+0.0023]  0.061  0.061  0.019   0.0474  0/5   서술만 (하한 초과이나 미유의) · CP 전후 기준선
============================================================================================================================

============================================================================================================================
Q2 — CP 적응 표현 위에서 사전 등록 레버가 문턱을 넘는가 (E1)
----------------------------------------------------------------------------------------------------------------------------
arm             base          metric           n         Δ               95% CI    NBp   Holm     하한    사후MDE    승  판정/비고
A1cp            A0cp          bacc            15   -0.0015    [-0.0402,+0.0372]  0.935  1.000  0.032   0.0544  9/15  검출 불가 (검정력 부족) · 원본 표현 Δ(A1−A0) = -0.0040
A2cp            A0cp          bacc            15   +0.0032    [-0.0077,+0.0140]  0.543  1.000  0.032   0.0153  5/15  효과 없음 · 원본 표현 Δ(A2−A0) = +0.0031
A3cp            A0cp          bacc            15   -0.0268    [-0.0795,+0.0260]  0.295  1.000  0.032   0.0741  3/15  검출 불가 (검정력 부족) · 원본 표현 Δ(A3−A0) = -0.0106
A4cp            A0cp          bacc            15   -0.0025    [-0.0410,+0.0360]  0.892  1.000  0.032   0.0541  7/15  검출 불가 (검정력 부족) · 원본 표현 Δ(A4−A0) = -0.0094
B1cp            B0cp          bacc             5   +0.0031    [-0.0241,+0.0303]  0.768  1.000  0.019   0.0364  3/5   검출 불가 (검정력 부족) · 원본 표현 Δ(B1−B0) = +0.0098
B2cp            B0cp          bacc             5   -0.0004    [-0.0420,+0.0413]  0.982  1.000  0.019   0.0557  2/5   검출 불가 (검정력 부족) · 원본 표현 Δ(B2−B0) = +0.0004
B3cp            B0cp          bacc             5   -0.0371    [-0.0635,-0.0108]  0.017  0.069  0.019   0.0353  0/5   검출 불가 (검정력 부족) · 원본 표현 Δ(B3−B0) = +0.0180
B4cp            B0cp          bacc             5   +0.0103    [-0.0165,+0.0370]  0.347  1.000  0.019   0.0358  4/5   검출 불가 (검정력 부족) · 원본 표현 Δ(B4−B0) = +0.0193
============================================================================================================================
  → Q2 aptos2019: **w10 게이트 통과 0/4** (탐색적 · 시드 1 · 5-fold)
  → Q2 oral_diseases: **w10 게이트 통과 0/4** (탐색적 · 시드 1 · 15-fold)

============================================================================================================================
Q3 — severe recall 재분배가 CP 후에도 재현되는가 (E1 · aptos)
----------------------------------------------------------------------------------------------------------------------------
arm             base          metric           n         Δ               95% CI    NBp   Holm     하한    사후MDE    승  판정/비고
B3cp            B0cp          severe_recall    5   +0.1296    [+0.0710,+0.1881]  0.004      —      —   0.0784  5/5   재현 · 원본 표현 Δ severe = +0.2194 (15 fold)
============================================================================================================================

============================================================================================================================
Q4 — LoRA 적응 표현 위 stage-2 헤드가 문턱을 넘는가 (E2)
----------------------------------------------------------------------------------------------------------------------------
arm             base          metric           n         Δ               95% CI    NBp   Holm     하한    사후MDE    승  판정/비고
S1_ce__B1       S1_ce__B0     bacc             5   +0.0067    [-0.0184,+0.0317]  0.501  1.000  0.019   0.0335  3/5   검출 불가 (검정력 부족) · 잡음 수준 — 부호 해석 금지 (R10)
S1_ce__B3       S1_ce__B0     bacc             5   +0.0066    [-0.0228,+0.0360]  0.569  1.000  0.019   0.0394  3/5   검출 불가 (검정력 부족) · 잡음 수준 — 부호 해석 금지 (R10)
S1_ce__B4       S1_ce__B0     bacc             5   +0.0127    [-0.0281,+0.0535]  0.437  1.000  0.019   0.0547  4/5   검출 불가 (검정력 부족) · 잡음 수준 — 부호 해석 금지 (R10)
S1_ce__la       S1_ce__B0     bacc             5   +0.0136    [-0.0239,+0.0512]  0.371  1.000  0.019   0.0503  3/5   검출 불가 (검정력 부족) · 잡음 수준 — 부호 해석 금지 (R10)
S1_ce__ldam     S1_ce__B0     bacc             5   -0.0067    [-0.0293,+0.0158]  0.454  1.000  0.019   0.0302  2/5   검출 불가 (검정력 부족) · 잡음 수준 — 부호 해석 금지 (R10)
S1_la__B1       S1_la__B0     bacc             5   +0.0019    [-0.0195,+0.0234]  0.816  1.000  0.019   0.0287  3/5   검출 불가 (검정력 부족) · 잡음 수준 — 부호 해석 금지 (R10)
S1_la__B3       S1_la__B0     bacc             5   -0.0005    [-0.0451,+0.0441]  0.976  1.000  0.019   0.0597  3/5   검출 불가 (검정력 부족) · 잡음 수준 — 부호 해석 금지 (R10)
S1_la__B4       S1_la__B0     bacc             5   +0.0184    [-0.0412,+0.0780]  0.440  1.000  0.019   0.0798  4/5   검출 불가 (검정력 부족) · 잡음 수준 — 부호 해석 금지 (R10)
S1_la__la       S1_la__B0     bacc             5   +0.0095    [-0.0085,+0.0274]  0.216  1.000  0.019   0.0240  4/5   검출 불가 (검정력 부족) · 잡음 수준 — 부호 해석 금지 (R10)
S1_la__ldam     S1_la__B0     bacc             5   -0.0149    [-0.0560,+0.0261]  0.369  1.000  0.019   0.0550  2/5   검출 불가 (검정력 부족) · 잡음 수준 — 부호 해석 금지 (R10)
============================================================================================================================
  → Q4 S1_ce: **w10 게이트 통과 0/5** (탐색적 · 시드 1 · 5-fold)
  → Q4 S1_la: **w10 게이트 통과 0/5** (탐색적 · 시드 1 · 5-fold)

============================================================================================================================
Q5 — Balanced Softmax stage-1 vs plain CE stage-1 (E2)
----------------------------------------------------------------------------------------------------------------------------
arm             base          metric           n         Δ               95% CI    NBp   Holm     하한    사후MDE    승  판정/비고
S1_la_e2e       S1_ce_e2e     bacc             5   +0.0056    [-0.0390,+0.0502]  0.745      —  0.019   0.0598  2/5   하한 이내 · 잡음 수준 — 부호 해석 금지 (R10)
S1_la_e2e       S1_ce_e2e     severe_recall    5   +0.0258    [-0.2145,+0.2661]  0.781      —      —   0.3217  2/5   비재현 · 잡음 수준 — 부호 해석 금지 (R10)
============================================================================================================================

============================================================================================================================
Q6 — 분류기 재학습(cRT) vs end-to-end (E2 · 서술만)
----------------------------------------------------------------------------------------------------------------------------
arm             base          metric           n         Δ               95% CI    NBp   Holm     하한    사후MDE    승  판정/비고
S1_ce__B1       S1_ce_e2e     bacc             5   +0.0181    [-0.0242,+0.0604]  0.300      —  0.019   0.0566  4/5   서술만 (분리 vs e2e) · 잡음 수준 — 부호 해석 금지 (R10)
S1_la__B1       S1_la_e2e     bacc             5   +0.0068    [-0.0256,+0.0392]  0.592      —  0.019   0.0434  4/5   서술만 (분리 vs e2e) · 잡음 수준 — 부호 해석 금지 (R10)
============================================================================================================================

[재현성 참고] S1_ce_e2e vs w6b B0P_plain (정의 동일) · 공통 5 fold: 0.6682 vs 0.6682 (Δ +0.0000)
[참고] w6 B0P: BACC 0.6773
[참고] w6 B3P: BACC 0.6706

저장: /home/junkim/paper_ajou_dev/PanDerm/output_dir/p6_regime_f/w10_stats.csv
⚠️ 탐색적 · 사후 — 이 표의 어떤 행도 §B 판정(0/18)을 바꾸지 않는다 (R11).
