================================================================================================================================
W11-2 사후 로짓 조정 팔 posthoc_la — 탐색적 · exploratory · post-hoc arm · seed 1
  계획 §2 W11-2 · τ ∈ {0.5, 1.0} 실행 전 고정 · test fold 튜닝 없음 · π̂ 는 학습 fold 인덱스만으로 계수
  §B 판정(0/18)·사전 등록 Holm 묶음 불변 — 이 표는 판정에 쓰지 않는다
================================================================================================================================

[실행 전 예측 · 축자]
  P1: 안저(9.35×) Δ BACC > 0 이고 하한 0.019 안팎
  P2: 구강(1.74×) |Δ| < 0.01 (log π 거의 상수 → argmax 거의 불변)
  부속(기제) 예측: 안저에서 severe recall ↑ · moderate recall ↓

[자기 검산]
  [arm_stats] 자기검산 6 사전 등록 Δ 대조 OK — B1 +0.0098 · B3 +0.0180 (계획 인용값과 일치)
  [aptos2019] 자기검산 1·2 fold/라벨 정합 OK · 3 저장값 재현 165건 max|Δ| BACC 0.0e+00 · MCC 0.0e+00 · MAE 8.3e-17 · recall 0.0e+00 · 4 argmax==pred OK
  [aptos2019] 자기검산 5 π̂ 는 학습 fold 만 · 7 불균형비 9.35× (계획 전제 9.35×) · pool counts [1805, 370, 999, 193, 295]
  [oral_diseases] 자기검산 1·2 fold/라벨 정합 OK · 3 저장값 재현 135건 max|Δ| BACC 0.0e+00 · MCC 0.0e+00 · MAE 5.6e-17 · recall 0.0e+00 · 4 argmax==pred OK
  [oral_diseases] 자기검산 5 π̂ 는 학습 fold 만 · 7 불균형비 1.74× (계획 전제 1.74×) · pool counts [79, 75, 61, 90, 54, 94, 63]

[표 1 · 탐색적/exploratory] 사후 로짓 조정 Δ BACC (대 τ=0 기준선 · 쌍대 · NB 보정 ratio 0.25)
--------------------------------------------------------------------------------------------------------------------------------
계열       ds             팔                   BACC        Δ               95% CI   NB p   Holm     하한    사후MDE  TOST  판정
--------------------------------------------------------------------------------------------------------------------------------
dinov2   aptos2019      B0d+LA(τ=0.5)     0.6372  +0.0090  [+0.0017,+0.0162]  0.020  0.065  0.019   0.0102    등가  하한 미달
dinov2   aptos2019      B0d+LA(τ=1.0)     0.6447  +0.0165  [+0.0035,+0.0294]  0.016  0.065  0.019   0.0182     —  하한 미달
dinov2   oral_diseases  A0d+LA(τ=0.5)     0.6974  -0.0000  [-0.0113,+0.0113]  0.999  1.000  0.032   0.0159    등가  잡음 수준 — 부호 해석 금지
dinov2   oral_diseases  A0d+LA(τ=1.0)     0.6970  -0.0004  [-0.0124,+0.0116]  0.943  1.000  0.032   0.0168    등가  잡음 수준 — 부호 해석 금지
panderm  aptos2019      B0+LA(τ=0.5)      0.6555  +0.0098  [+0.0011,+0.0185]  0.030  0.118  0.019   0.0122    등가  하한 미달
panderm  aptos2019      B0+LA(τ=1.0)      0.6664  +0.0207  [+0.0001,+0.0413]  0.049  0.147  0.019   0.0290     —  하한 이상 · Holm 미달
panderm  oral_diseases  A0+LA(τ=0.5)      0.7486  +0.0047  [-0.0076,+0.0171]  0.425  0.850  0.032   0.0174    등가  잡음 수준 — 부호 해석 금지
panderm  oral_diseases  A0+LA(τ=1.0)      0.7477  +0.0038  [-0.0101,+0.0177]  0.563  0.850  0.032   0.0195    등가  잡음 수준 — 부호 해석 금지
--------------------------------------------------------------------------------------------------------------------------------
  Holm 은 w11 묶음 내부에서만: PanDerm 4비교(τ 2 × ds 2) · DINOv2 4비교는 별도 묶음(별도 보고).
  R10 · dinov2/oral_diseases τ=0.5: NB p = 0.999 > 0.15 → 잡음 수준 — 부호 해석 금지
  R10 · dinov2/oral_diseases τ=1.0: NB p = 0.943 > 0.15 → 잡음 수준 — 부호 해석 금지
  R10 · panderm/oral_diseases τ=0.5: NB p = 0.425 > 0.15 → 잡음 수준 — 부호 해석 금지
  R10 · panderm/oral_diseases τ=1.0: NB p = 0.563 > 0.15 → 잡음 수준 — 부호 해석 금지

[표 2 · 탐색적/exploratory] 부지표 (쌍대 평균차 · 서술)
--------------------------------------------------------------------------------------------------------------------------------
계열       ds             팔                    ΔMCC     Δ표본MAE     Δ클래스MAE  양 fold
--------------------------------------------------------------------------------------------------------------------------------
dinov2   aptos2019      B0d+LA(τ=0.5)     -0.0094    +0.0143     -0.0063   13/15 
dinov2   aptos2019      B0d+LA(τ=1.0)     -0.0215    +0.0315     -0.0135   13/15 
dinov2   oral_diseases  A0d+LA(τ=0.5)     -0.0013    +0.0052     +0.0032    2/15 
dinov2   oral_diseases  A0d+LA(τ=1.0)     -0.0028    +0.0078     +0.0050    3/15 
panderm  aptos2019      B0+LA(τ=0.5)      -0.0163    +0.0196     -0.0093   13/15 
panderm  aptos2019      B0+LA(τ=1.0)      -0.0310    +0.0385     -0.0212   14/15 
panderm  oral_diseases  A0+LA(τ=0.5)      +0.0039    -0.0039     -0.0056    5/15 
panderm  oral_diseases  A0+LA(τ=1.0)      +0.0018    -0.0006     -0.0033    6/15 
--------------------------------------------------------------------------------------------------------------------------------
  ⚠ 구강은 명목 라벨 — MAE 는 라벨 인덱스 거리일 뿐 순서 해석을 하지 않는다.
  ⚠ 저장 열 `macro_mae` 는 이름과 달리 표본평균 MAE 다(Δ표본MAE 와 같은 정의).
  ⚠ 부지표는 검정하지 않는다 — 부호를 방향으로 읽지 않는다(주지표 BACC 의 R10 판정을 따른다).

[표 3 · 탐색적/exploratory] 클래스별 recall 변화 (Δ = τ 팔 − 기준선 · 서술 · Holm 미적용)
--------------------------------------------------------------------------------------------------------------------------------
  panderm/aptos2019 · B0+LA(τ=0.5)
    클래스                   기준선      τ 팔        Δ               95% CI    NB p  비고
    no_dr              0.9819   0.9786  -0.0033  [-0.0059,-0.0007]   0.016  —
    mild               0.6036   0.6505  +0.0468  [+0.0208,+0.0729]   0.002  —
    moderate           0.7728   0.6940  -0.0787  [-0.0994,-0.0580]   0.000  —
    severe             0.3595   0.4233  +0.0638  [+0.0128,+0.1149]   0.018  —
    proliferative      0.5107   0.5311  +0.0203  [-0.0067,+0.0473]   0.129  —
  panderm/aptos2019 · B0+LA(τ=1.0)
    클래스                   기준선      τ 팔        Δ               95% CI    NB p  비고
    no_dr              0.9819   0.9732  -0.0087  [-0.0152,-0.0021]   0.013  —
    mild               0.6036   0.6829  +0.0793  [+0.0418,+0.1167]   0.000  —
    moderate           0.7728   0.6183  -0.1545  [-0.1937,-0.1153]   0.000  —
    severe             0.3595   0.4996  +0.1400  [+0.0615,+0.2186]   0.002  —
    proliferative      0.5107   0.5582  +0.0475  [-0.0016,+0.0965]   0.057  —
  dinov2/aptos2019 · B0d+LA(τ=0.5)
    클래스                   기준선      τ 팔        Δ               95% CI    NB p  비고
    no_dr              0.9799   0.9756  -0.0042  [-0.0086,+0.0001]   0.055  —
    mild               0.5541   0.5883  +0.0342  [+0.0159,+0.0526]   0.001  —
    moderate           0.7257   0.6753  -0.0504  [-0.0712,-0.0295]   0.000  —
    severe             0.3527   0.4009  +0.0482  [+0.0176,+0.0788]   0.004  —
    proliferative      0.5288   0.5458  +0.0169  [-0.0130,+0.0469]   0.245  잡음 수준 — 부호 해석 금지
  dinov2/aptos2019 · B0d+LA(τ=1.0)
    클래스                   기준선      τ 팔        Δ               95% CI    NB p  비고
    no_dr              0.9799   0.9681  -0.0118  [-0.0194,-0.0042]   0.005  —
    mild               0.5541   0.6189  +0.0649  [+0.0310,+0.0987]   0.001  —
    moderate           0.7257   0.6193  -0.1064  [-0.1315,-0.0814]   0.000  —
    severe             0.3527   0.4456  +0.0929  [+0.0388,+0.1470]   0.002  —
    proliferative      0.5288   0.5718  +0.0429  [-0.0053,+0.0911]   0.077  —
  panderm/oral_diseases · A0+LA(τ=0.5)
    클래스                   기준선      τ 팔        Δ               95% CI    NB p  비고
    CaS                0.8903   0.8903  +0.0000          (검정 불가)     n/a  예측 불변 (Δ ≡ 0)
    CoS                0.9733   0.9733  +0.0000          (검정 불가)     n/a  예측 불변 (Δ ≡ 0)
    Gum                0.6769   0.6936  +0.0167  [-0.0250,+0.0583]   0.405  잡음 수준 — 부호 해석 금지
    MC                 0.6148   0.6148  +0.0000          (검정 불가)     n/a  예측 불변 (Δ ≡ 0)
    OC                 0.6794   0.6976  +0.0182  [-0.0272,+0.0636]   0.405  잡음 수준 — 부호 해석 금지
    OLP                0.6593   0.6520  -0.0072  [-0.0302,+0.0158]   0.512  잡음 수준 — 부호 해석 금지
    OT                 0.7132   0.7188  +0.0056  [-0.0204,+0.0315]   0.653  잡음 수준 — 부호 해석 금지
  panderm/oral_diseases · A0+LA(τ=1.0)
    클래스                   기준선      τ 팔        Δ               95% CI    NB p  비고
    CaS                0.8903   0.8903  +0.0000          (검정 불가)     n/a  예측 불변 (Δ ≡ 0)
    CoS                0.9733   0.9733  +0.0000          (검정 불가)     n/a  예측 불변 (Δ ≡ 0)
    Gum                0.6769   0.6991  +0.0222  [-0.0238,+0.0683]   0.318  잡음 수준 — 부호 해석 금지
    MC                 0.6148   0.6074  -0.0074  [-0.0310,+0.0162]   0.512  잡음 수준 — 부호 해석 금지
    OC                 0.6794   0.7036  +0.0242  [-0.0260,+0.0745]   0.318  잡음 수준 — 부호 해석 금지
    OLP                0.6593   0.6415  -0.0177  [-0.0491,+0.0136]   0.245  잡음 수준 — 부호 해석 금지
    OT                 0.7132   0.7188  +0.0056  [-0.0204,+0.0315]   0.653  잡음 수준 — 부호 해석 금지
  dinov2/oral_diseases · A0d+LA(τ=0.5)
    클래스                   기준선      τ 팔        Δ               95% CI    NB p  비고
    CaS                0.8189   0.8189  +0.0000          (검정 불가)     n/a  예측 불변 (Δ ≡ 0)
    CoS                0.9467   0.9467  +0.0000          (검정 불가)     n/a  예측 불변 (Δ ≡ 0)
    Gum                0.6244   0.6299  +0.0056  [-0.0204,+0.0315]   0.653  잡음 수준 — 부호 해석 금지
    MC                 0.6074   0.6037  -0.0037  [-0.0210,+0.0136]   0.653  잡음 수준 — 부호 해석 금지
    OC                 0.5442   0.5564  +0.0121  [-0.0445,+0.0688]   0.653  잡음 수준 — 부호 해석 금지
    OLP                0.6487   0.6347  -0.0140  [-0.0431,+0.0150]   0.318  잡음 수준 — 부호 해석 금지
    OT                 0.6919   0.6919  +0.0000          (검정 불가)     n/a  예측 불변 (Δ ≡ 0)
  dinov2/oral_diseases · A0d+LA(τ=1.0)
    클래스                   기준선      τ 팔        Δ               95% CI    NB p  비고
    CaS                0.8189   0.8147  -0.0042  [-0.0236,+0.0153]   0.653  잡음 수준 — 부호 해석 금지
    CoS                0.9467   0.9467  +0.0000          (검정 불가)     n/a  예측 불변 (Δ ≡ 0)
    Gum                0.6244   0.6299  +0.0056  [-0.0204,+0.0315]   0.653  잡음 수준 — 부호 해석 금지
    MC                 0.6074   0.6000  -0.0074  [-0.0310,+0.0162]   0.512  잡음 수준 — 부호 해석 금지
    OC                 0.5442   0.5685  +0.0242  [-0.0409,+0.0894]   0.438  잡음 수준 — 부호 해석 금지
    OLP                0.6487   0.6277  -0.0211  [-0.0612,+0.0191]   0.280  잡음 수준 — 부호 해석 금지
    OT                 0.6919   0.6919  +0.0000          (검정 불가)     n/a  예측 불변 (Δ ≡ 0)
--------------------------------------------------------------------------------------------------------------------------------

[표 4 · 탐색적/exploratory] 사전 등록 팔의 저장 Δ 병기 (arm_stats.csv · 읽기 전용)
--------------------------------------------------------------------------------------------------------------------------------
ds             팔     레버                        대            Δ               95% CI    NB p    Holm  판정
--------------------------------------------------------------------------------------------------------------------------------
aptos2019      B1    재가중(class-weighted CE)    B0     +0.0098  [-0.0065,+0.0260]   0.220   0.439  검출 불가 (검정력 부족)
aptos2019      B3    CORAL(재가중 위)              B0     +0.0180  [+0.0034,+0.0325]   0.019   0.076  검출 불가 (검정력 부족)
oral_diseases  A2    재가중(class-weighted CE)    A0     +0.0031  [-0.0126,+0.0189]   0.675   1.000  효과 없음
aptos2019      LA    사후 로짓 조정 τ=0.5            B0     +0.0098  [+0.0011,+0.0185]   0.030   0.118  하한 미달  ← 사후 팔
aptos2019      LA    사후 로짓 조정 τ=1.0            B0     +0.0207  [+0.0001,+0.0413]   0.049   0.147  하한 이상 · Holm 미달  ← 사후 팔
--------------------------------------------------------------------------------------------------------------------------------
  ⚠ 사전 등록 팔(B1·B3)의 Holm 은 사전 등록 묶음 값이고, LA 행의 Holm 은 w11 묶음 값이다 — 다른 묶음이다.

[w11 게이트] Δ ≥ 사전 하한 AND Holm(w11 묶음) < 0.05
  panderm: w11 게이트 통과 0/4 (탐색적 · 사후 팔 · 시드 1)
  dinov2: w11 게이트 통과 0/4 (탐색적 · 사후 팔 · 시드 1)  · DINOv2 계열 (별도 묶음 · 별도 보고)
  통과해도 §B 판정(0/18)·사전 등록 문턱·Holm 묶음은 불변 (계획 §4 W11-2 행).

[예측 대조 · 탐색적]
  ('하한 안팎' = |Δ − 하한| ≤ 0.5 × 하한 · 실행 전 고정한 출력 문구 · 게이트와 무관)
  P1 (안저 τ=0.5): Δ = +0.0098  [+0.0011,+0.0185] · Δ +0.0098 · 하한 0.019 → 하한 안팎 (탐색적)
  P1 (안저 τ=1.0): Δ = +0.0207  [+0.0001,+0.0413] · Δ +0.0207 · 하한 0.019 → 하한 안팎 (탐색적)
  P2 (구강 τ=0.5): |Δ| = 0.0047 (< 0.01?) → 예측 부합 (탐색적) · TOST(δ=0.02) 등가
  P2 (구강 τ=1.0): |Δ| = 0.0038 (< 0.01?) → 예측 부합 (탐색적) · TOST(δ=0.02) 등가
  부속(안저 τ=0.5): severe Δrecall +0.0638 · moderate Δrecall -0.0787 → 예측 부합 (서술적)
  부속(안저 τ=1.0): severe Δrecall +0.1400 · moderate Δrecall -0.1545 → 예측 부합 (서술적)

================================================================================================================================
저장: /home/junkim/paper_ajou_dev/PanDerm/output_dir/p6_regime_f/w11_posthoc_la.csv
      /home/junkim/paper_ajou_dev/PanDerm/output_dir/p6_regime_f/w11_posthoc_la_folds.csv
      /home/junkim/paper_ajou_dev/PanDerm/output_dir/p6_regime_f/w11_posthoc_la_recall.csv
