🔬 w11 예측 고정 · device=cuda · datasets=['aptos2019', 'oral_diseases'] · TOL=1e-06

=== aptos2019 ===
  B0   fold  0: BACC 0.671105 vs archived 0.671105  ✓
  B0   fold  1: BACC 0.642751 vs archived 0.642751  ✓
  B0   fold  2: BACC 0.669679 vs archived 0.669679  ✓
  B0   fold  3: BACC 0.657933 vs archived 0.657933  ✓
  B0   fold  4: BACC 0.621740 vs archived 0.621740  ✓
  B0   fold  5: BACC 0.621665 vs archived 0.621665  ✓
  B0   fold  6: BACC 0.668106 vs archived 0.668106  ✓
  B0   fold  7: BACC 0.649907 vs archived 0.649907  ✓
  B0   fold  8: BACC 0.638584 vs archived 0.638584  ✓
  B0   fold  9: BACC 0.589263 vs archived 0.589263  ✓
  B0   fold 10: BACC 0.664342 vs archived 0.664342  ✓
  B0   fold 11: BACC 0.623751 vs archived 0.623751  ✓
  B0   fold 12: BACC 0.637774 vs archived 0.637774  ✓
  B0   fold 13: BACC 0.668621 vs archived 0.668621  ✓
  B0   fold 14: BACC 0.660335 vs archived 0.660335  ✓
  B1   fold  0: BACC 0.653690 vs archived 0.653690  ✓
  B1   fold  1: BACC 0.655992 vs archived 0.655992  ✓
  B1   fold  2: BACC 0.672149 vs archived 0.672149  ✓
  B1   fold  3: BACC 0.681363 vs archived 0.681363  ✓
  B1   fold  4: BACC 0.639773 vs archived 0.639773  ✓
  B1   fold  5: BACC 0.633383 vs archived 0.633383  ✓
  B1   fold  6: BACC 0.701778 vs archived 0.701778  ✓
  B1   fold  7: BACC 0.672699 vs archived 0.672699  ✓
  B1   fold  8: BACC 0.637074 vs archived 0.637074  ✓
  B1   fold  9: BACC 0.607347 vs archived 0.607347  ✓
  B1   fold 10: BACC 0.682486 vs archived 0.682486  ✓
  B1   fold 11: BACC 0.617027 vs archived 0.617027  ✓
  B1   fold 12: BACC 0.633975 vs archived 0.633975  ✓
  B1   fold 13: BACC 0.673983 vs archived 0.673983  ✓
  B1   fold 14: BACC 0.669103 vs archived 0.669103  ✓
  B2   fold  0: BACC 0.654439 vs archived 0.654439  ✓
  B2   fold  1: BACC 0.635869 vs archived 0.635869  ✓
  B2   fold  2: BACC 0.654633 vs archived 0.654633  ✓
  B2   fold  3: BACC 0.646015 vs archived 0.646015  ✓
  B2   fold  4: BACC 0.636120 vs archived 0.636120  ✓
  B2   fold  5: BACC 0.631367 vs archived 0.631367  ✓
  B2   fold  6: BACC 0.676972 vs archived 0.676972  ✓
  B2   fold  7: BACC 0.653963 vs archived 0.653963  ✓
  B2   fold  8: BACC 0.669059 vs archived 0.669059  ✓
  B2   fold  9: BACC 0.588779 vs archived 0.588779  ✓
  B2   fold 10: BACC 0.637049 vs archived 0.637049  ✓
  B2   fold 11: BACC 0.644044 vs archived 0.644044  ✓
  B2   fold 12: BACC 0.630514 vs archived 0.630514  ✓
  B2   fold 13: BACC 0.637812 vs archived 0.637812  ✓
  B2   fold 14: BACC 0.694268 vs archived 0.694268  ✓
  B3   fold  0: BACC 0.694545 vs archived 0.694545  ✓
  B3   fold  1: BACC 0.669571 vs archived 0.669571  ✓
  B3   fold  2: BACC 0.672337 vs archived 0.672337  ✓
  B3   fold  3: BACC 0.664289 vs archived 0.664289  ✓
  B3   fold  4: BACC 0.644291 vs archived 0.644291  ✓
  B3   fold  5: BACC 0.648217 vs archived 0.648217  ✓
  B3   fold  6: BACC 0.698679 vs archived 0.698679  ✓
  B3   fold  7: BACC 0.661094 vs archived 0.661094  ✓
  B3   fold  8: BACC 0.683148 vs archived 0.683148  ✓
  B3   fold  9: BACC 0.612490 vs archived 0.612490  ✓
  B3   fold 10: BACC 0.683340 vs archived 0.683340  ✓
  B3   fold 11: BACC 0.640559 vs archived 0.640559  ✓
  B3   fold 12: BACC 0.646578 vs archived 0.646578  ✓
  B3   fold 13: BACC 0.671303 vs archived 0.671303  ✓
  B3   fold 14: BACC 0.664369 vs archived 0.664369  ✓
  B4   fold  0: BACC 0.665660 vs archived 0.665660  ✓
  B4   fold  1: BACC 0.655081 vs archived 0.655081  ✓
  B4   fold  2: BACC 0.652397 vs archived 0.652397  ✓
  B4   fold  3: BACC 0.695360 vs archived 0.695360  ✓
  B4   fold  4: BACC 0.669893 vs archived 0.669893  ✓
  B4   fold  5: BACC 0.638911 vs archived 0.638911  ✓
  B4   fold  6: BACC 0.720882 vs archived 0.720882  ✓
  B4   fold  7: BACC 0.674519 vs archived 0.674519  ✓
  B4   fold  8: BACC 0.676250 vs archived 0.676250  ✓
  B4   fold  9: BACC 0.619274 vs archived 0.619274  ✓
  B4   fold 10: BACC 0.671983 vs archived 0.671983  ✓
  B4   fold 11: BACC 0.628243 vs archived 0.628243  ✓
  B4   fold 12: BACC 0.674767 vs archived 0.674767  ✓
  B4   fold 13: BACC 0.662460 vs archived 0.662460  ✓
  B4   fold 14: BACC 0.669005 vs archived 0.669005  ✓
  B5   fold  0: BACC 0.644198 vs archived 0.644198  ✓
  B5   fold  1: BACC 0.625054 vs archived 0.625054  ✓
  B5   fold  2: BACC 0.652984 vs archived 0.652984  ✓
  B5   fold  3: BACC 0.654890 vs archived 0.654890  ✓
  B5   fold  4: BACC 0.646208 vs archived 0.646208  ✓
  B5   fold  5: BACC 0.595244 vs archived 0.595244  ✓
  B5   fold  6: BACC 0.647896 vs archived 0.647896  ✓
  B5   fold  7: BACC 0.665861 vs archived 0.665861  ✓
  B5   fold  8: BACC 0.668243 vs archived 0.668243  ✓
  B5   fold  9: BACC 0.596925 vs archived 0.596925  ✓
  B5   fold 10: BACC 0.649998 vs archived 0.649998  ✓
  B5   fold 11: BACC 0.629166 vs archived 0.629166  ✓
  B5   fold 12: BACC 0.622007 vs archived 0.622007  ✓
  B5   fold 13: BACC 0.671593 vs archived 0.671593  ✓
  B5   fold 14: BACC 0.690460 vs archived 0.690460  ✓
  B5s  fold  0: BACC 0.665409 vs archived 0.665409  ✓
  B5s  fold  1: BACC 0.625013 vs archived 0.625013  ✓
  B5s  fold  2: BACC 0.655182 vs archived 0.655182  ✓
  B5s  fold  3: BACC 0.659557 vs archived 0.659557  ✓
  B5s  fold  4: BACC 0.637407 vs archived 0.637407  ✓
  B5s  fold  5: BACC 0.617075 vs archived 0.617075  ✓
  B5s  fold  6: BACC 0.667306 vs archived 0.667306  ✓
  B5s  fold  7: BACC 0.643886 vs archived 0.643886  ✓
  B5s  fold  8: BACC 0.645961 vs archived 0.645961  ✓
  B5s  fold  9: BACC 0.594772 vs archived 0.594772  ✓
  B5s  fold 10: BACC 0.639977 vs archived 0.639977  ✓
  B5s  fold 11: BACC 0.637931 vs archived 0.637931  ✓
  B5s  fold 12: BACC 0.626456 vs archived 0.626456  ✓
  B5s  fold 13: BACC 0.681815 vs archived 0.681815  ✓
  B5s  fold 14: BACC 0.696388 vs archived 0.696388  ✓
  B0d  fold  0: BACC 0.645213 vs archived 0.645213  ✓
  B0d  fold  1: BACC 0.625490 vs archived 0.625490  ✓
  B0d  fold  2: BACC 0.672062 vs archived 0.672062  ✓
  B0d  fold  3: BACC 0.624903 vs archived 0.624903  ✓
  B0d  fold  4: BACC 0.597587 vs archived 0.597587  ✓
  B0d  fold  5: BACC 0.605402 vs archived 0.605402  ✓
  B0d  fold  6: BACC 0.652623 vs archived 0.652623  ✓
  B0d  fold  7: BACC 0.619692 vs archived 0.619692  ✓
  B0d  fold  8: BACC 0.613405 vs archived 0.613405  ✓
  B0d  fold  9: BACC 0.627664 vs archived 0.627664  ✓
  B0d  fold 10: BACC 0.617658 vs archived 0.617658  ✓
  B0d  fold 11: BACC 0.625406 vs archived 0.625406  ✓
  B0d  fold 12: BACC 0.625526 vs archived 0.625526  ✓
  B0d  fold 13: BACC 0.626715 vs archived 0.626715  ✓
  B0d  fold 14: BACC 0.644075 vs archived 0.644075  ✓
  B1d  fold  0: BACC 0.662562 vs archived 0.662562  ✓
  B1d  fold  1: BACC 0.632782 vs archived 0.632782  ✓
  B1d  fold  2: BACC 0.674458 vs archived 0.674458  ✓
  B1d  fold  3: BACC 0.614058 vs archived 0.614058  ✓
  B1d  fold  4: BACC 0.602603 vs archived 0.602603  ✓
  B1d  fold  5: BACC 0.596828 vs archived 0.596828  ✓
  B1d  fold  6: BACC 0.646490 vs archived 0.646490  ✓
  B1d  fold  7: BACC 0.620696 vs archived 0.620696  ✓
  B1d  fold  8: BACC 0.629392 vs archived 0.629392  ✓
  B1d  fold  9: BACC 0.630532 vs archived 0.630532  ✓
  B1d  fold 10: BACC 0.625346 vs archived 0.625346  ✓
  B1d  fold 11: BACC 0.627816 vs archived 0.627816  ✓
  B1d  fold 12: BACC 0.639129 vs archived 0.639129  ✓
  B1d  fold 13: BACC 0.640702 vs archived 0.640702  ✓
  B1d  fold 14: BACC 0.637901 vs archived 0.637901  ✓
  B3d  fold  0: BACC 0.653342 vs archived 0.653342  ✓
  B3d  fold  1: BACC 0.643693 vs archived 0.643693  ✓
  B3d  fold  2: BACC 0.676553 vs archived 0.676553  ✓
  B3d  fold  3: BACC 0.634248 vs archived 0.634248  ✓
  B3d  fold  4: BACC 0.606022 vs archived 0.606022  ✓
  B3d  fold  5: BACC 0.649404 vs archived 0.649404  ✓
  B3d  fold  6: BACC 0.629721 vs archived 0.629721  ✓
  B3d  fold  7: BACC 0.631353 vs archived 0.631353  ✓
  B3d  fold  8: BACC 0.638771 vs archived 0.638771  ✓
  B3d  fold  9: BACC 0.647315 vs archived 0.647315  ✓
  B3d  fold 10: BACC 0.624403 vs archived 0.624403  ✓
  B3d  fold 11: BACC 0.629120 vs archived 0.629120  ✓
  B3d  fold 12: BACC 0.607923 vs archived 0.607923  ✓
  B3d  fold 13: BACC 0.626835 vs archived 0.626835  ✓
  B3d  fold 14: BACC 0.635959 vs archived 0.635959  ✓
  B4d  fold  0: BACC 0.677034 vs archived 0.677034  ✓
  B4d  fold  1: BACC 0.636829 vs archived 0.636829  ✓
  B4d  fold  2: BACC 0.645067 vs archived 0.645067  ✓
  B4d  fold  3: BACC 0.639305 vs archived 0.639305  ✓
  B4d  fold  4: BACC 0.626501 vs archived 0.626501  ✓
  B4d  fold  5: BACC 0.618342 vs archived 0.618342  ✓
  B4d  fold  6: BACC 0.641654 vs archived 0.641654  ✓
  B4d  fold  7: BACC 0.620120 vs archived 0.620120  ✓
  B4d  fold  8: BACC 0.635517 vs archived 0.635517  ✓
  B4d  fold  9: BACC 0.642938 vs archived 0.642938  ✓
  B4d  fold 10: BACC 0.628664 vs archived 0.628664  ✓
  B4d  fold 11: BACC 0.627500 vs archived 0.627500  ✓
  B4d  fold 12: BACC 0.630767 vs archived 0.630767  ✓
  B4d  fold 13: BACC 0.640667 vs archived 0.640667  ✓
  B4d  fold 14: BACC 0.644594 vs archived 0.644594  ✓
  ✓ aptos2019: 165/165 일치 · 120846 행 → w11_preds_aptos2019.csv
    CORAL 비단조 확률 행: 16850 / 21972 (fold·팔 30건) → w11_coral_violations_aptos2019.csv

=== oral_diseases ===
  A0   fold  0: BACC 0.688684 vs archived 0.688684  ✓
  A0   fold  1: BACC 0.791190 vs archived 0.791190  ✓
  A0   fold  2: BACC 0.721719 vs archived 0.721719  ✓
  A0   fold  3: BACC 0.745488 vs archived 0.745488  ✓
  A0   fold  4: BACC 0.770841 vs archived 0.770841  ✓
  A0   fold  5: BACC 0.742397 vs archived 0.742397  ✓
  A0   fold  6: BACC 0.728643 vs archived 0.728643  ✓
  A0   fold  7: BACC 0.739519 vs archived 0.739519  ✓
  A0   fold  8: BACC 0.798446 vs archived 0.798446  ✓
  A0   fold  9: BACC 0.707148 vs archived 0.707148  ✓
  A0   fold 10: BACC 0.805901 vs archived 0.805901  ✓
  A0   fold 11: BACC 0.673258 vs archived 0.673258  ✓
  A0   fold 12: BACC 0.743725 vs archived 0.743725  ✓
  A0   fold 13: BACC 0.723343 vs archived 0.723343  ✓
  A0   fold 14: BACC 0.778092 vs archived 0.778092  ✓
  A1   fold  0: BACC 0.703143 vs archived 0.703143  ✓
  A1   fold  1: BACC 0.764495 vs archived 0.764495  ✓
  A1   fold  2: BACC 0.658949 vs archived 0.658949  ✓
  A1   fold  3: BACC 0.766411 vs archived 0.766411  ✓
  A1   fold  4: BACC 0.755629 vs archived 0.755629  ✓
  A1   fold  5: BACC 0.771813 vs archived 0.771813  ✓
  A1   fold  6: BACC 0.779067 vs archived 0.779067  ✓
  A1   fold  7: BACC 0.694696 vs archived 0.694696  ✓
  A1   fold  8: BACC 0.795393 vs archived 0.795393  ✓
  A1   fold  9: BACC 0.706545 vs archived 0.706545  ✓
  A1   fold 10: BACC 0.777041 vs archived 0.777041  ✓
  A1   fold 11: BACC 0.691689 vs archived 0.691689  ✓
  A1   fold 12: BACC 0.753869 vs archived 0.753869  ✓
  A1   fold 13: BACC 0.725175 vs archived 0.725175  ✓
  A1   fold 14: BACC 0.754645 vs archived 0.754645  ✓
  A2   fold  0: BACC 0.688684 vs archived 0.688684  ✓
  A2   fold  1: BACC 0.804177 vs archived 0.804177  ✓
  A2   fold  2: BACC 0.722711 vs archived 0.722711  ✓
  A2   fold  3: BACC 0.745488 vs archived 0.745488  ✓
  A2   fold  4: BACC 0.756555 vs archived 0.756555  ✓
  A2   fold  5: BACC 0.742397 vs archived 0.742397  ✓
  A2   fold  6: BACC 0.728643 vs archived 0.728643  ✓
  A2   fold  7: BACC 0.739519 vs archived 0.739519  ✓
  A2   fold  8: BACC 0.798446 vs archived 0.798446  ✓
  A2   fold  9: BACC 0.699211 vs archived 0.699211  ✓
  A2   fold 10: BACC 0.805901 vs archived 0.805901  ✓
  A2   fold 11: BACC 0.699232 vs archived 0.699232  ✓
  A2   fold 12: BACC 0.780521 vs archived 0.780521  ✓
  A2   fold 13: BACC 0.723343 vs archived 0.723343  ✓
  A2   fold 14: BACC 0.770573 vs archived 0.770573  ✓
  A3   fold  0: BACC 0.651800 vs archived 0.651800  ✓
  A3   fold  1: BACC 0.792272 vs archived 0.792272  ✓
  A3   fold  2: BACC 0.680290 vs archived 0.680290  ✓
  A3   fold  3: BACC 0.754368 vs archived 0.754368  ✓
  A3   fold  4: BACC 0.728050 vs archived 0.728050  ✓
  A3   fold  5: BACC 0.719561 vs archived 0.719561  ✓
  A3   fold  6: BACC 0.745270 vs archived 0.745270  ✓
  A3   fold  7: BACC 0.675579 vs archived 0.675579  ✓
  A3   fold  8: BACC 0.760473 vs archived 0.760473  ✓
  A3   fold  9: BACC 0.728412 vs archived 0.728412  ✓
  A3   fold 10: BACC 0.776965 vs archived 0.776965  ✓
  A3   fold 11: BACC 0.680539 vs archived 0.680539  ✓
  A3   fold 12: BACC 0.792165 vs archived 0.792165  ✓
  A3   fold 13: BACC 0.703197 vs archived 0.703197  ✓
  A3   fold 14: BACC 0.810830 vs archived 0.810830  ✓
  A4   fold  0: BACC 0.686696 vs archived 0.686696  ✓
  A4   fold  1: BACC 0.768881 vs archived 0.768881  ✓
  A4   fold  2: BACC 0.667967 vs archived 0.667967  ✓
  A4   fold  3: BACC 0.758475 vs archived 0.758475  ✓
  A4   fold  4: BACC 0.763566 vs archived 0.763566  ✓
  A4   fold  5: BACC 0.771813 vs archived 0.771813  ✓
  A4   fold  6: BACC 0.767162 vs archived 0.767162  ✓
  A4   fold  7: BACC 0.679658 vs archived 0.679658  ✓
  A4   fold  8: BACC 0.795393 vs archived 0.795393  ✓
  A4   fold  9: BACC 0.699026 vs archived 0.699026  ✓
  A4   fold 10: BACC 0.764054 vs archived 0.764054  ✓
  A4   fold 11: BACC 0.691689 vs archived 0.691689  ✓
  A4   fold 12: BACC 0.753869 vs archived 0.753869  ✓
  A4   fold 13: BACC 0.701365 vs archived 0.701365  ✓
  A4   fold 14: BACC 0.747126 vs archived 0.747126  ✓
  A5   fold  0: BACC 0.669316 vs archived 0.669316  ✓
  A5   fold  1: BACC 0.679216 vs archived 0.679216  ✓
  A5   fold  2: BACC 0.639327 vs archived 0.639327  ✓
  A5   fold  3: BACC 0.713409 vs archived 0.713409  ✓
  A5   fold  4: BACC 0.699006 vs archived 0.699006  ✓
  A5   fold  5: BACC 0.756863 vs archived 0.756863  ✓
  A5   fold  6: BACC 0.722928 vs archived 0.722928  ✓
  A5   fold  7: BACC 0.704857 vs archived 0.704857  ✓
  A5   fold  8: BACC 0.689488 vs archived 0.689488  ✓
  A5   fold  9: BACC 0.698950 vs archived 0.698950  ✓
  A5   fold 10: BACC 0.766623 vs archived 0.766623  ✓
  A5   fold 11: BACC 0.682694 vs archived 0.682694  ✓
  A5   fold 12: BACC 0.720469 vs archived 0.720469  ✓
  A5   fold 13: BACC 0.689721 vs archived 0.689721  ✓
  A5   fold 14: BACC 0.773887 vs archived 0.773887  ✓
  A5s  fold  0: BACC 0.624846 vs archived 0.624846  ✓
  A5s  fold  1: BACC 0.775822 vs archived 0.775822  ✓
  A5s  fold  2: BACC 0.698631 vs archived 0.698631  ✓
  A5s  fold  3: BACC 0.750372 vs archived 0.750372  ✓
  A5s  fold  4: BACC 0.752058 vs archived 0.752058  ✓
  A5s  fold  5: BACC 0.752567 vs archived 0.752567  ✓
  A5s  fold  6: BACC 0.801659 vs archived 0.801659  ✓
  A5s  fold  7: BACC 0.767625 vs archived 0.767625  ✓
  A5s  fold  8: BACC 0.777400 vs archived 0.777400  ✓
  A5s  fold  9: BACC 0.703315 vs archived 0.703315  ✓
  A5s  fold 10: BACC 0.740178 vs archived 0.740178  ✓
  A5s  fold 11: BACC 0.677407 vs archived 0.677407  ✓
  A5s  fold 12: BACC 0.747522 vs archived 0.747522  ✓
  A5s  fold 13: BACC 0.721756 vs archived 0.721756  ✓
  A5s  fold 14: BACC 0.783888 vs archived 0.783888  ✓
  A0d  fold  0: BACC 0.705444 vs archived 0.705444  ✓
  A0d  fold  1: BACC 0.666007 vs archived 0.666007  ✓
  A0d  fold  2: BACC 0.722997 vs archived 0.722997  ✓
  A0d  fold  3: BACC 0.689677 vs archived 0.689677  ✓
  A0d  fold  4: BACC 0.686404 vs archived 0.686404  ✓
  A0d  fold  5: BACC 0.705677 vs archived 0.705677  ✓
  A0d  fold  6: BACC 0.724100 vs archived 0.724100  ✓
  A0d  fold  7: BACC 0.677891 vs archived 0.677891  ✓
  A0d  fold  8: BACC 0.691597 vs archived 0.691597  ✓
  A0d  fold  9: BACC 0.747617 vs archived 0.747617  ✓
  A0d  fold 10: BACC 0.737036 vs archived 0.737036  ✓
  A0d  fold 11: BACC 0.645661 vs archived 0.645661  ✓
  A0d  fold 12: BACC 0.688653 vs archived 0.688653  ✓
  A0d  fold 13: BACC 0.654878 vs archived 0.654878  ✓
  A0d  fold 14: BACC 0.718171 vs archived 0.718171  ✓
  A2d  fold  0: BACC 0.686991 vs archived 0.686991  ✓
  A2d  fold  1: BACC 0.666007 vs archived 0.666007  ✓
  A2d  fold  2: BACC 0.707542 vs archived 0.707542  ✓
  A2d  fold  3: BACC 0.697613 vs archived 0.697613  ✓
  A2d  fold  4: BACC 0.686404 vs archived 0.686404  ✓
  A2d  fold  5: BACC 0.698158 vs archived 0.698158  ✓
  A2d  fold  6: BACC 0.711113 vs archived 0.711113  ✓
  A2d  fold  7: BACC 0.658049 vs archived 0.658049  ✓
  A2d  fold  8: BACC 0.702586 vs archived 0.702586  ✓
  A2d  fold  9: BACC 0.747617 vs archived 0.747617  ✓
  A2d  fold 10: BACC 0.763010 vs archived 0.763010  ✓
  A2d  fold 11: BACC 0.645661 vs archived 0.645661  ✓
  A2d  fold 12: BACC 0.681135 vs archived 0.681135  ✓
  A2d  fold 13: BACC 0.662815 vs archived 0.662815  ✓
  A2d  fold 14: BACC 0.718171 vs archived 0.718171  ✓
  ✓ oral_diseases: 135/135 일치 · 13932 행 → w11_preds_oral_diseases.csv

검사 표 → w11_freeze_check.csv · 전체 일치: True · max|Δ| = 0.00e+00
