========================================================================================================
W11-4 프런티어 — (대상 등급 recall, BACC) · 탐색적/exploratory · 서술 (계획 §2 W11-4)
========================================================================================================
실행 전 예측 P4 (축자): 어떤 팔도 fold 불확실성 밴드 밖(프런티어 위쪽)에 있지 않다.
sweep: (i) l − τ·log π̂, τ ∈ [0, 3] 격자 0.05 (61점) · (ii) 대상 등급 로짓 가법 오프셋 δ (분기점 기반 · 전부)
fold: 15개 (5×3 반복 전부) · π̂ 는 학습 fold 라벨만 사용

────────────────────────────────────────────────────────────────────────────────────────────────────────
[aptos2019] 대상 등급 = severe (idx 3) — 최소 클래스
  [aptos2019] 자기검산 1·2 fold/라벨 정합 OK · 3 저장값 재현 165건 max|Δ| BACC 0.0e+00 · recall 0.0e+00 · 4 n_test 일치 165건
  [aptos2019] 자기검산 7 arm_stats Δ 재현 OK — B1−B0 = +0.0098 (저장 +0.0098 · 판정 '검출 불가 (검정력 부족)')
  [aptos2019] 자기검산 8 w10 저장값 대조 OK — 95행에서 bacc == mean(per_class_recall) (max|Δ| 0.0e+00)

  팔             출처                 fold   양   recall     BACC      프런티어      gap                95% CI    NB p    Holm    사후MDE  비고
  B3cp          w10_cp                5   0   0.4928   0.5824    0.6852  -0.1027     [-0.1415,-0.0640]   0.002   0.053   0.0519  
  B2cp          w10_cp                5   0   0.3731   0.6192    0.6863  -0.0670     [-0.1328,-0.0012]   0.047   0.806   0.0881  
  B0cp          w10_cp                5   0   0.3633   0.6196    0.6863  -0.0667     [-0.1016,-0.0318]   0.006   0.163   0.0467  
  B1cp          w10_cp                5   0   0.3787   0.6227    0.6863  -0.0636     [-0.1233,-0.0038]   0.042   0.752   0.0800  
  B4cp          w10_cp                5   0   0.3841   0.6298    0.6863  -0.0564     [-0.0981,-0.0148]   0.020   0.434   0.0557  
  B5            w11_preds_panderm    15   2   0.3448   0.6440    0.6791  -0.0351     [-0.0650,-0.0051]   0.025   0.523   0.0421  
  B0            w11_preds_panderm    15   0   0.3595   0.6457    0.6791  -0.0334     [-0.0525,-0.0144]   0.002   0.059   0.0267  
  B2            w11_preds_panderm    15   2   0.3299   0.6461    0.6791  -0.0331     [-0.0624,-0.0038]   0.030   0.564   0.0412  
  B5s           w11_preds_panderm    15   1   0.3443   0.6463    0.6791  -0.0328     [-0.0613,-0.0044]   0.027   0.532   0.0399  
  B0d           w11_preds_dinov2     15   0   0.3527   0.6282    0.6602  -0.0320     [-0.0476,-0.0163]   0.001   0.019   0.0220  
  B1d           w11_preds_dinov2     15   0   0.3821   0.6321    0.6602  -0.0281     [-0.0429,-0.0133]   0.001   0.034   0.0208  
  B1            w11_preds_panderm    15   0   0.4286   0.6555    0.6790  -0.0235     [-0.0421,-0.0050]   0.017   0.384   0.0261  
  B4d           w11_preds_dinov2     15   0   0.4008   0.6370    0.6602  -0.0232     [-0.0417,-0.0046]   0.018   0.501   0.0260  
  S1_la__ldam   w10_decouple          5   1   0.3891   0.6637    0.6863  -0.0225     [-0.0799,+0.0348]   0.336   1.000   0.0768  잡음 수준 — 부호 해석 금지
  B3d           w11_preds_dinov2     15   3   0.5492   0.6356    0.6576  -0.0219     [-0.0496,+0.0058]   0.112   1.000   0.0389  
  S1_ce_e2e     w10_decouple          5   1   0.4354   0.6682    0.6863  -0.0181     [-0.0619,+0.0257]   0.315   1.000   0.0586  잡음 수준 — 부호 해석 금지
  S1_ce__ldam   w10_decouple          5   1   0.4246   0.6729    0.6863  -0.0134     [-0.0508,+0.0241]   0.379   1.000   0.0502  잡음 수준 — 부호 해석 금지
  B3            w11_preds_panderm    15   5   0.5789   0.6637    0.6766  -0.0130     [-0.0378,+0.0119]   0.281   1.000   0.0349  잡음 수준 — 부호 해석 금지
  B4            w11_preds_panderm    15   3   0.4738   0.6650    0.6778  -0.0129     [-0.0405,+0.0148]   0.336   1.000   0.0388  잡음 수준 — 부호 해석 금지
  S1_la_e2e     w10_decouple          5   2   0.4611   0.6738    0.6852  -0.0114     [-0.0620,+0.0393]   0.567   1.000   0.0678  잡음 수준 — 부호 해석 금지
  S1_la__B3     w10_decouple          5   1   0.5498   0.6781    0.6863  -0.0081     [-0.0334,+0.0171]   0.422   1.000   0.0338  잡음 수준 — 부호 해석 금지
  S1_la__B0     w10_decouple          5   2   0.4146   0.6787    0.6863  -0.0076     [-0.0532,+0.0380]   0.668   1.000   0.0611  잡음 수준 — 부호 해석 금지
  S1_ce__B0     w10_decouple          5   2   0.4094   0.6796    0.6863  -0.0066     [-0.0470,+0.0338]   0.672   1.000   0.0541  잡음 수준 — 부호 해석 금지
  S1_la__B1     w10_decouple          5   2   0.4511   0.6806    0.6863  -0.0057     [-0.0331,+0.0218]   0.597   1.000   0.0367  잡음 수준 — 부호 해석 금지
  S1_ce__B1     w10_decouple          5   3   0.4769   0.6863    0.6863  +0.0000     [-0.0326,+0.0326]   0.998   1.000   0.0436  잡음 수준 — 부호 해석 금지
  S1_la__la     w10_decouple          5   3   0.4978   0.6881    0.6863  +0.0019     [-0.0340,+0.0378]   0.892   1.000   0.0480  잡음 수준 — 부호 해석 금지
  S1_ce__B3     w10_decouple          5   3   0.5599   0.6862    0.6826  +0.0036     [-0.0319,+0.0390]   0.795   1.000   0.0475  잡음 수준 — 부호 해석 금지
  S1_ce__la     w10_decouple          5   4   0.5081   0.6933    0.6863  +0.0070     [-0.0233,+0.0373]   0.556   1.000   0.0405  잡음 수준 — 부호 해석 금지
  S1_ce__B4     w10_decouple          5   4   0.5188   0.6923    0.6828  +0.0095     [-0.0091,+0.0282]   0.229   1.000   0.0250  잡음 수준 — 부호 해석 금지
  S1_la__B4     w10_decouple          5   3   0.5238   0.6970    0.6863  +0.0108     [-0.0272,+0.0487]   0.474   1.000   0.0508  잡음 수준 — 부호 해석 금지

  P4 (탐색적/exploratory · 서술): 프런티어 밴드 위쪽에 있는 팔 0/30 — 예측 P4 와 부합
       · 동결 PanDerm 팔         0/7
       · 동결 DINOv2 팔          0/4
       · w10 CP 적응 표현         0/5
       · w10 LoRA/e2e 적응 표현   0/14
     스트레스(τ 축만 · 더 낮은 프런티어): 0/30
     Holm 보정(이 w11 묶음 내부: 데이터셋 × 프런티어 기준선 × 축) 후 밴드 위: 0/30 — 위 0/30 은 미보정(다중비교 미조정) 수치다
     ⚠ 16개 비교가 NB p > 0.15 — 잡음 수준 — 부호 해석 금지 (부호를 방향으로 부르지 않는다)
     ⚠ 프런티어는 같은 테스트 fold 위에서 τ·δ 를 최대화한 오라클 포락선이다. 밴드 위 팔이 없다는 것은 구조적으로 나오기 쉬우며,
        '레버가 옮긴 자리는 사후 문턱으로도 갈 수 있는 자리였다'는 서술이지 레버의 무용 증명이 아니다. 판정에 쓰지 않는다(§B 0/18 불변).
saved /home/junkim/paper_ajou_dev/docs/paper/figures/w11_frontier_aptos2019.png
saved /home/junkim/paper_ajou_dev/docs/paper/figures/w11_frontier_aptos2019.pdf
  저장 → /home/junkim/paper_ajou_dev/PanDerm/output_dir/p6_regime_f/w11_frontier_aptos2019.csv
  저장 → /home/junkim/paper_ajou_dev/PanDerm/output_dir/p6_regime_f/w11_frontier_curve_aptos2019.csv
  저장 → /home/junkim/paper_ajou_dev/PanDerm/output_dir/p6_regime_f/w11_frontier_folds_aptos2019.csv
  저장 → /home/junkim/paper_ajou_dev/PanDerm/output_dir/p6_regime_f/w11_frontier_sweep_aptos2019.csv

────────────────────────────────────────────────────────────────────────────────────────────────────────
[oral_diseases] 대상 등급 = OLP (idx 5) — ⚠ 소수 클래스가 아니라 **보고용 등급**이다 (OLP 는 구강 최대 클래스 94/516)
  [oral_diseases] 자기검산 1·2 fold/라벨 정합 OK · 3 저장값 재현 135건 max|Δ| BACC 0.0e+00 · recall 0.0e+00 · 4 n_test 일치 135건
  [oral_diseases] 자기검산 7 arm_stats Δ 재현 OK — A2−A0 = +0.0031 (저장 +0.0031 · 판정 '효과 없음')
  [oral_diseases] w10_decouple: 이 데이터셋 행 없음 — 건너뜀
  [oral_diseases] 자기검산 8 w10 저장값 대조 OK — 75행에서 bacc == mean(per_class_recall) (max|Δ| 0.0e+00)

  팔             출처                 fold   양   recall     BACC      프런티어      gap                95% CI    NB p    Holm    사후MDE  비고
  A5            w11_preds_panderm    15   0   0.6277   0.7071    0.7601  -0.0530     [-0.0978,-0.0082]   0.024   0.307   0.0629  
  A3            w11_preds_panderm    15   4   0.6700   0.7333    0.7574  -0.0241     [-0.0657,+0.0175]   0.235   1.000   0.0585  잡음 수준 — 부호 해석 금지
  A5s           w11_preds_panderm    15   2   0.6343   0.7383    0.7610  -0.0226     [-0.0593,+0.0141]   0.207   1.000   0.0516  잡음 수준 — 부호 해석 금지
  A4            w11_preds_panderm    15   3   0.6591   0.7344    0.7569  -0.0224     [-0.0612,+0.0164]   0.235   1.000   0.0545  잡음 수준 — 부호 해석 금지
  A2d           w11_preds_dinov2     15   0   0.6419   0.6955    0.7131  -0.0176     [-0.0325,-0.0026]   0.025   0.294   0.0210  
  A0            w11_preds_panderm    15   0   0.6593   0.7439    0.7601  -0.0162     [-0.0314,-0.0010]   0.038   0.458   0.0214  
  A0d           w11_preds_dinov2     15   0   0.6487   0.6975    0.7127  -0.0153     [-0.0283,-0.0023]   0.025   0.294   0.0183  
  A1            w11_preds_panderm    15   5   0.6875   0.7399    0.7544  -0.0145     [-0.0500,+0.0210]   0.395   1.000   0.0499  잡음 수준 — 부호 해석 금지
  A2            w11_preds_panderm    15   3   0.6558   0.7470    0.7601  -0.0131     [-0.0321,+0.0059]   0.161   1.000   0.0267  잡음 수준 — 부호 해석 금지
  A3cp          w10_cp               15   4   0.7199   0.7298    0.7368  -0.0070     [-0.0886,+0.0745]   0.856   1.000   0.1145  잡음 수준 — 부호 해석 금지
  A0cp          w10_cp               15   9   0.7370   0.7565    0.7444  +0.0121     [-0.0432,+0.0675]   0.646   1.000   0.0778  잡음 수준 — 부호 해석 금지
  A2cp          w10_cp               15  10   0.7370   0.7597    0.7444  +0.0153     [-0.0383,+0.0689]   0.550   1.000   0.0752  잡음 수준 — 부호 해석 금지
  A4cp          w10_cp               15   9   0.7304   0.7541    0.7370  +0.0171     [-0.0478,+0.0820]   0.581   1.000   0.0912  잡음 수준 — 부호 해석 금지
  A1cp          w10_cp               15  10   0.7411   0.7550    0.7265  +0.0286     [-0.0501,+0.1072]   0.449   1.000   0.1104  잡음 수준 — 부호 해석 금지

  P4 (탐색적/exploratory · 서술): 프런티어 밴드 위쪽에 있는 팔 0/14 — 예측 P4 와 부합
       · 동결 PanDerm 팔         0/7
       · 동결 DINOv2 팔          0/2
       · w10 CP 적응 표현         0/5
     스트레스(τ 축만 · 더 낮은 프런티어): 0/3
     Holm 보정(이 w11 묶음 내부: 데이터셋 × 프런티어 기준선 × 축) 후 밴드 위: 0/14 — 위 0/14 은 미보정(다중비교 미조정) 수치다
     ⚠ 10개 비교가 NB p > 0.15 — 잡음 수준 — 부호 해석 금지 (부호를 방향으로 부르지 않는다)
     ⚠ 프런티어는 같은 테스트 fold 위에서 τ·δ 를 최대화한 오라클 포락선이다. 밴드 위 팔이 없다는 것은 구조적으로 나오기 쉬우며,
        '레버가 옮긴 자리는 사후 문턱으로도 갈 수 있는 자리였다'는 서술이지 레버의 무용 증명이 아니다. 판정에 쓰지 않는다(§B 0/18 불변).
saved /home/junkim/paper_ajou_dev/docs/paper/figures/w11_frontier_oral_diseases.png
saved /home/junkim/paper_ajou_dev/docs/paper/figures/w11_frontier_oral_diseases.pdf
  저장 → /home/junkim/paper_ajou_dev/PanDerm/output_dir/p6_regime_f/w11_frontier_oral_diseases.csv
  저장 → /home/junkim/paper_ajou_dev/PanDerm/output_dir/p6_regime_f/w11_frontier_curve_oral_diseases.csv
  저장 → /home/junkim/paper_ajou_dev/PanDerm/output_dir/p6_regime_f/w11_frontier_folds_oral_diseases.csv
  저장 → /home/junkim/paper_ajou_dev/PanDerm/output_dir/p6_regime_f/w11_frontier_sweep_oral_diseases.csv

========================================================================================================
자기 검산 16건 전부 통과 → /home/junkim/paper_ajou_dev/PanDerm/output_dir/p6_regime_f/w11_frontier_selfcheck.csv
  [aptos2019] P4 밴드 위 0/30 (union 축 · 미보정) · 0/30 (Holm 보정) · 0/30 (τ 축만) — 탐색적/exploratory
  [oral_diseases] P4 밴드 위 0/14 (union 축 · 미보정) · 0/14 (Holm 보정) · 0/3 (τ 축만) — 탐색적/exploratory
이 표·그림은 전부 탐색적/exploratory 이며 사전 등록 판정(0/18) · Holm 묶음 · 문턱에 들어가지 않는다.
