========================================================================================================
W11-1 CLAIM 결손 팩 (+ W11-12 인접 분해) — 탐색적 · exploratory (w11 · 판정 아님 / not a verdict)
  mode=full · datasets=['aptos2019', 'oral_diseases'] · folds=[0, 1, 2]... · bootstrap draws=2000 · seed=0 · prefix=w11_
  이 스크립트는 새 검정을 하지 않는다 → 새 p-값도, w11 Holm 묶음도 없다. §B 판정(0/18) 불변.
========================================================================================================

=== aptos2019 · C=5 ===
  팔 11개: B0 B1 B2 B3 B4 B5 B5s B0d B1d B3d B4d · 행 120,846
  [S1] aptos2019: 재계산 BACC == 저장값 · 165 (팔·fold) · max|Δ| = 0.00e+00 ✓
  [S2] aptos2019: 이미지 3662장 × 3 fold = 팔당 10986 행 ✓ (혼동행렬 합계는 3·N 이다)
  [S3] aptos2019: 15 fold 평균 BACC == arm_stats 저장값 · 11 팔 대조 ✓
  (a) 혼동행렬 long 1,100 행 → /home/junkim/paper_ajou_dev/PanDerm/output_dir/p6_regime_f/w11_confusion_aptos2019.csv
      탐색적 · exploratory (w11 · 판정 아님 / not a verdict) · 클래스별 recall (행정규화 대각 · 15 fold 합산 · 이미지당 3회 계수)
      arm      BACC        no_dr       mild   moderate     severe  prolifera
      B0     0.6457        0.982      0.604      0.773      0.359      0.511
      B1     0.6555        0.976      0.665      0.666      0.428      0.542
      B2     0.6461        0.982      0.594      0.804      0.330      0.520
      B3     0.6637        0.942      0.681      0.583      0.579      0.533
      B4     0.6650        0.978      0.699      0.652      0.473      0.522
      B5     0.6440        0.979      0.631      0.766      0.344      0.499
      B5s    0.6463        0.978      0.657      0.760      0.344      0.492
      B0d    0.6282        0.980      0.554      0.726      0.352      0.529
      B1d    0.6321        0.976      0.580      0.677      0.382      0.545
      B3d    0.6356        0.905      0.612      0.556      0.549      0.557
      B4d    0.6370        0.977      0.628      0.655      0.401      0.524
  그림 → /home/junkim/paper_ajou_dev/docs/paper/figures/w11_confusion_aptos2019.png
  그림 → /home/junkim/paper_ajou_dev/docs/paper/figures/w11_confusion_aptos2019.pdf
  [S5] aptos2019: (fold, idx)×팔 격자 결측 0 · 쌍대 재표집 가능 ✓ (10,986 행 × 11 팔)
  (b) 이미지 부트스트랩 (2000 draws · fold 내 참 클래스 층화 · 팔 간 동일 재표집) — 탐색적 · exploratory (w11 · 판정 아님 / not a verdict)
      arm      BACC  Δ vs base     image-boot 95% CI        CV-fold 95% CI    NB p  MDE floor
      B0     0.6457     (base)                                                               
      B1     0.6555    +0.0098     [+0.0027,+0.0170]     [-0.0065,+0.0260]   0.220      0.019
      B2     0.6461    +0.0004     [-0.0088,+0.0095]     [-0.0232,+0.0239]   0.975      0.019
      B3     0.6637    +0.0180     [+0.0074,+0.0287]     [+0.0034,+0.0325]   0.019      0.019
      B4     0.6650    +0.0193     [+0.0097,+0.0289]     [-0.0061,+0.0447]   0.126      0.019
      B5     0.6440    -0.0017     [-0.0098,+0.0068]     [-0.0258,+0.0224]   0.885      0.019
      B5s    0.6463    +0.0006     [-0.0067,+0.0080]     [-0.0181,+0.0192]   0.948      0.019
      B0d    0.6282     (base)                                                               
      B1d    0.6321    +0.0039     [-0.0013,+0.0091]     [-0.0070,+0.0147]   0.460      0.019
      B3d    0.6356    +0.0074     [-0.0040,+0.0181]     [-0.0125,+0.0273]   0.438      0.019
      B4d    0.6370    +0.0088     [-0.0010,+0.0182]     [-0.0092,+0.0268]   0.311      0.019
      ⚠️ R10 — NB p > 0.15 인 팔(B1, B2, B5, B5s, B1d, B3d, B4d): 잡음 수준 — 부호 해석 금지.
      두 CI 는 서로 다른 질문이다: 이미지 부트스트랩 = **평가 표집만**, CV-fold CI = 평가 + 분할 표집(NB 보정). 어느 쪽도 판정이 아니다.
  (c) 인접 분해 573 행 → /home/junkim/paper_ajou_dev/PanDerm/output_dir/p6_regime_f/w11_adjacency_aptos.csv
      탐색적 · exploratory (w11 · 판정 아님 / not a verdict) · 오류의 등급 거리 분해 (Krause 2018: 전문가 불일치의 81.3% 가 한 등급)
      arm     n_err    |Δ|=1      ≥2  frac 1-grade   mean|Δ|
      B0       2023     1416     607         0.700     0.248
      B1       2241     1556     685         0.694     0.278
      B2       1945     1401     544         0.720     0.234
      B3       2575     2099     476         0.815     0.282
      B4       2225     1619     606         0.728     0.266
      B5       2046     1412     634         0.690     0.254
      B5s      2046     1428     618         0.698     0.252
      B0d      2218     1551     667         0.699     0.273
      B1d      2323     1633     690         0.703     0.285
      B3d      2932     2375     557         0.810     0.323
      B4d      2338     1686     652         0.721     0.282
      [B0 → B3] severe recall (fold 평균) 0.360 → 0.579 (Δ +0.219) · 새로 맞힘 152 / 새로 틀림 25 · 새로 맞힌 것 중 기준선이 moderate 라 한 등급 이동인 비율 0.809 · NB p(ΔBACC, 사전 등록) = 0.019
      [B0 → B4] severe recall (fold 평균) 0.360 → 0.474 (Δ +0.114) · 새로 맞힘 88 / 새로 틀림 22 · 새로 맞힌 것 중 기준선이 moderate 라 한 등급 이동인 비율 0.830 · NB p(ΔBACC, 사전 등록) = 0.126
      [B0 → B1] severe recall (fold 평균) 0.360 → 0.429 (Δ +0.069) · 새로 맞힘 49 / 새로 틀림 9 · 새로 맞힌 것 중 기준선이 moderate 라 한 등급 이동인 비율 0.776 · NB p(ΔBACC, 사전 등록) = 0.220
         ⚠️ R10 — 이 짝의 ΔBACC 는 NB p=0.220 > 0.15: 잡음 수준 — 부호 해석 금지. 위 계수는 서술이며 이동의 방향이 아니다.
      [B0d → B3d] severe recall (fold 평균) 0.353 → 0.549 (Δ +0.196) · 새로 맞힘 144 / 새로 틀림 30 · 새로 맞힌 것 중 기준선이 moderate 라 한 등급 이동인 비율 0.868 · NB p(ΔBACC, 사전 등록) = 0.438
         ⚠️ R10 — 이 짝의 ΔBACC 는 NB p=0.438 > 0.15: 잡음 수준 — 부호 해석 금지. 위 계수는 서술이며 이동의 방향이 아니다.
      (계수는 15 fold 합산 = 이미지당 3회. 전부 서술 통계이며 검정도 판정도 아니다 · NB p > 0.15 인 짝은 위 R10 경고를 따른다.)

=== oral_diseases · C=7 ===
  팔 9개: A0 A1 A2 A3 A4 A5 A5s A0d A2d · 행 13,932
  [S1] oral_diseases: 재계산 BACC == 저장값 · 135 (팔·fold) · max|Δ| = 0.00e+00 ✓
  [S2] oral_diseases: 이미지 516장 × 3 fold = 팔당 1548 행 ✓ (혼동행렬 합계는 3·N 이다)
  [S3] oral_diseases: 15 fold 평균 BACC == arm_stats 저장값 · 9 팔 대조 ✓
  (a) 혼동행렬 long 1,764 행 → /home/junkim/paper_ajou_dev/PanDerm/output_dir/p6_regime_f/w11_confusion_oral_diseases.csv
      탐색적 · exploratory (w11 · 판정 아님 / not a verdict) · 클래스별 recall (행정규화 대각 · 15 fold 합산 · 이미지당 3회 계수)
      arm      BACC          CaS        CoS        Gum         MC         OC        OLP         OT
      A0     0.7439        0.890      0.973      0.678      0.615      0.679      0.660      0.714
      A1     0.7399        0.886      0.973      0.678      0.615      0.654      0.688      0.688
      A2     0.7470        0.895      0.973      0.689      0.607      0.698      0.656      0.714
      A3     0.7333        0.878      0.964      0.656      0.596      0.698      0.670      0.672
      A4     0.7344        0.882      0.973      0.678      0.604      0.654      0.660      0.693
      A5     0.7071        0.823      0.933      0.656      0.641      0.593      0.628      0.677
      A5s    0.7383        0.844      0.969      0.683      0.630      0.673      0.635      0.735
      A0d    0.6975        0.819      0.947      0.623      0.607      0.543      0.649      0.693
      A2d    0.6955        0.814      0.942      0.628      0.604      0.549      0.642      0.688
  그림 → /home/junkim/paper_ajou_dev/docs/paper/figures/w11_confusion_oral_diseases.png
  그림 → /home/junkim/paper_ajou_dev/docs/paper/figures/w11_confusion_oral_diseases.pdf
  [S5] oral_diseases: (fold, idx)×팔 격자 결측 0 · 쌍대 재표집 가능 ✓ (1,548 행 × 9 팔)
  (b) 이미지 부트스트랩 (2000 draws · fold 내 참 클래스 층화 · 팔 간 동일 재표집) — 탐색적 · exploratory (w11 · 판정 아님 / not a verdict)
      arm      BACC  Δ vs base     image-boot 95% CI        CV-fold 95% CI    NB p  MDE floor
      A0     0.7439     (base)                                                               
      A1     0.7399    -0.0040     [-0.0183,+0.0114]     [-0.0401,+0.0321]   0.816      0.032
      A2     0.7470    +0.0031     [-0.0024,+0.0090]     [-0.0126,+0.0189]   0.675      0.032
      A3     0.7333    -0.0106     [-0.0266,+0.0055]     [-0.0498,+0.0287]   0.573      0.032
      A4     0.7344    -0.0094     [-0.0240,+0.0058]     [-0.0447,+0.0258]   0.574      0.032
      A5     0.7071    -0.0368     [-0.0545,-0.0180]     [-0.0850,+0.0114]   0.124      0.032
      A5s    0.7383    -0.0056     [-0.0223,+0.0112]     [-0.0461,+0.0350]   0.773      0.032
      A0d    0.6975     (base)                                                               
      A2d    0.6955    -0.0019     [-0.0065,+0.0026]     [-0.0168,+0.0129]   0.785      0.032
      ⚠️ R10 — NB p > 0.15 인 팔(A1, A2, A3, A4, A5s, A2d): 잡음 수준 — 부호 해석 금지.
      두 CI 는 서로 다른 질문이다: 이미지 부트스트랩 = **평가 표집만**, CV-fold CI = 평가 + 분할 표집(NB 보정). 어느 쪽도 판정이 아니다.

  (b) 부트스트랩 표 → /home/junkim/paper_ajou_dev/PanDerm/output_dir/p6_regime_f/w11_bootstrap_ci.csv
  그림 → /home/junkim/paper_ajou_dev/docs/paper/figures/w11_bootstrap_ci.png
  그림 → /home/junkim/paper_ajou_dev/docs/paper/figures/w11_bootstrap_ci.pdf

  (d) 환경 표 → /home/junkim/paper_ajou_dev/PanDerm/output_dir/p6_regime_f/w11_environment.json · /home/junkim/paper_ajou_dev/PanDerm/output_dir/p6_regime_f/w11_environment.md
      python 3.11.15 · torch 2.5.1+cu121 (CUDA build 12.1) · numpy 2.4.6 · sklearn 1.8.0 · GPU: NVIDIA GeForce RTX 3070, 8192 MiB, 591.86

========================================================================================================
완료 — 탐색적 · exploratory (w11 · 판정 아님 / not a verdict). 새 검정 없음 · Holm 묶음 없음 · 사전 등록 파일 미수정 · §B 판정(0/18) 불변.
========================================================================================================
