🔬 W11-3 경계 vs 방향 (탐색적/exploratory) · 계획: docs/date/2026-09-03_12th_meeting/research_note/w11_exploratory_analysis_plan.md §2 W11-3
   device=cpu · folds=[0, 1, 2, 3, 4, 5, 6, 7, 8, 9, 10, 11, 12, 13, 14] · datasets=['aptos2019', 'oral_diseases'] · offset grid 161pts × 3 rounds · prefix=w11_
   자기 점검 문턱: S1 BACC 1e-06 (치명) · S2 로짓 0.005 (교차-device — 고정 예측은 cuda 에서 생성) · S2 라벨 불일치 0.2% · S3 항등식 1e-09

=== aptos2019 · 팔 ['B0d', 'B1d', 'B0', 'B1', 'B2', 'B5', 'B5s', 'B_la', 'B_ldam'] ===
  aptos2019 fold  0: 팔 9개 학습 · 대조 7건
  aptos2019 fold  1: 팔 9개 학습 · 대조 7건
  aptos2019 fold  2: 팔 9개 학습 · 대조 7건
  aptos2019 fold  3: 팔 9개 학습 · 대조 7건
  aptos2019 fold  4: 팔 9개 학습 · 대조 7건
  aptos2019 fold  5: 팔 9개 학습 · 대조 7건
  aptos2019 fold  6: 팔 9개 학습 · 대조 7건
  aptos2019 fold  7: 팔 9개 학습 · 대조 7건
  aptos2019 fold  8: 팔 9개 학습 · 대조 7건
  aptos2019 fold  9: 팔 9개 학습 · 대조 7건
  aptos2019 fold 10: 팔 9개 학습 · 대조 7건
  aptos2019 fold 11: 팔 9개 학습 · 대조 7건
  aptos2019 fold 12: 팔 9개 학습 · 대조 7건
  aptos2019 fold 13: 팔 9개 학습 · 대조 7건
  aptos2019 fold 14: 팔 9개 학습 · 대조 7건

=== oral_diseases · 팔 ['A0d', 'A2d', 'A0', 'A1', 'A2', 'A5', 'A5s', 'A3', 'A4'] ===
  oral_diseases fold  0: 팔 9개 학습 · 대조 9건
  oral_diseases fold  1: 팔 9개 학습 · 대조 9건
  oral_diseases fold  2: 팔 9개 학습 · 대조 9건
  oral_diseases fold  3: 팔 9개 학습 · 대조 9건
  oral_diseases fold  4: 팔 9개 학습 · 대조 9건
  oral_diseases fold  5: 팔 9개 학습 · 대조 9건
  oral_diseases fold  6: 팔 9개 학습 · 대조 9건
  oral_diseases fold  7: 팔 9개 학습 · 대조 9건
  oral_diseases fold  8: 팔 9개 학습 · 대조 9건
  oral_diseases fold  9: 팔 9개 학습 · 대조 9건
  oral_diseases fold 10: 팔 9개 학습 · 대조 9건
  oral_diseases fold 11: 팔 9개 학습 · 대조 9건
  oral_diseases fold 12: 팔 9개 학습 · 대조 9건
  oral_diseases fold 13: 팔 9개 학습 · 대조 9건
  oral_diseases fold 14: 팔 9개 학습 · 대조 9건

── 자기 점검 (self-check) ──────────────────────────────────────────────
  S1 BACC vs 저장값     : 240/240 일치 (max|Δ| = 0.00e+00, tol 1e-06 · 치명)
  S2 로짓 vs w11_preds  : max|Δ| = 1.50e-03 (tol 0.005 · 교차-device) · 라벨 불일치 0건 (최대 fold 비율 0.00% · 치명 문턱 0.2%)
  S3 BACC=macro-recall  : max|Δ| = 0.00e+00 (tol 1e-09 · 치명)
  검사 표 → /home/junkim/paper_ajou_dev/PanDerm/output_dir/p6_regime_f/w11_boundary_selfcheck.csv
saved /home/junkim/paper_ajou_dev/docs/paper/figures/w11_boundary.png
saved /home/junkim/paper_ajou_dev/docs/paper/figures/w11_boundary.pdf

====================================================================================================================================
🔬 W11-3 경계 vs 방향 — 탐색적/exploratory · 서술 통계 · **판정 없음** (계획 §2: 서술 · 판정 없음)
====================================================================================================================================
ds            arm    base  role          cos cos>.95  ‖ΔW‖/‖W‖  scale ρ(margin)  slope r(bias) r(gauge)  flips  repro*     상한† ΔBACC(off−arm)
------------------------------------------------------------------------------------------------------------------------------------
aptos2019     B1     B0    primary     0.957    0.87     0.344   1.12     0.993   0.06   0.249    0.250    676  0.700    0.729        +0.0064
aptos2019     B1d    B0d   primary     0.967    1.00     0.290   1.08     0.992  -0.07  -0.274   -0.280    410  0.563    0.602        +0.0066
aptos2019     B2     B0    primary     0.687    0.00     0.759   0.90     0.955  -0.07  -0.683   -0.684    994  0.129    0.276        -0.0114
aptos2019     B5     B0    primary     0.897    0.07     0.501   0.64     0.874  -0.54  -0.821   -0.821    792  0.207    0.340        -0.0052
aptos2019     B5s    B0    primary     0.905    0.20     0.458   0.71     0.895  -0.55  -0.846   -0.847    744  0.192    0.336        -0.0013
aptos2019     B_la   B0    🔬side primary  0.978    1.00     0.284   1.17     0.993   0.05   0.166    0.166    854  0.779    0.830        +0.0010
aptos2019     B_ldam B0    🔬side primary  0.939    0.01     0.551   0.52     0.957   0.13   0.782    0.782    759  0.224    0.414        +0.0125
oral_diseases A1     A0    primary     0.814    0.00     0.661   1.13     0.952  -0.14  -0.496   -0.498    185  0.011‡   0.427        +0.0032
oral_diseases A2     A0    primary     0.994    1.00     0.108   1.00     0.999   0.07   0.273    0.275     20  0.050‡   0.850        -0.0039
oral_diseases A2d    A0d   primary     0.995    1.00     0.096   1.00     0.998   0.10   0.651    0.652     21  0.000‡   0.857        +0.0019
oral_diseases A3     A0    primary     0.798    0.00     0.612   0.71     0.936   0.47   0.732    0.732    209  0.005‡   0.368        +0.0098
oral_diseases A4     A0    primary     0.813    0.00     0.664   1.13     0.953  -0.21  -0.339   -0.341    186  0.005‡   0.392        +0.0086
oral_diseases A5     A0    primary     0.683    0.00     0.735   0.80     0.707  -0.56  -0.832   -0.833    297  0.003‡   0.266        +0.0351
oral_diseases A5s    A0    primary     0.707    0.00     0.710   0.80     0.830  -0.35  -0.633   -0.638    248  0.004‡   0.335        +0.0035
oral_diseases A3     A1    secondary   0.906    0.00     0.509   0.64     0.959   0.61   0.830    0.831    167  0.006‡   0.509        +0.0064
oral_diseases A4     A1    secondary   0.998    1.00     0.062   1.00     0.999  -0.07  -0.167   -0.168     27  0.037‡   0.963        +0.0053
====================================================================================================================================
사전 기록 예측 P3 (탐색적 · 문턱 대조일 뿐 판정이 아니다):
  aptos2019     B1      cos>0.95: 예 (0.957) · r>0.8: 아니오 (0.249) · 재현율>0.7: 아니오 (0.700 · 473/676 · 상한† 0.729)
  aptos2019     B1d     cos>0.95: 예 (0.967) · r>0.8: 아니오 (-0.274) · 재현율>0.7: 아니오 (0.563 · 231/410 · 상한† 0.602)
  aptos2019     B2      cos>0.95: 아니오 (0.687) · r>0.8: 아니오 (-0.683) · 재현율>0.7: 아니오 (0.129 · 128/994 · 상한† 0.276)
  aptos2019     B5      cos>0.95: 아니오 (0.897) · r>0.8: 아니오 (-0.821) · 재현율>0.7: 아니오 (0.207 · 164/792 · 상한† 0.340)
  aptos2019     B5s     cos>0.95: 아니오 (0.905) · r>0.8: 아니오 (-0.846) · 재현율>0.7: 아니오 (0.192 · 143/744 · 상한† 0.336)
  aptos2019     B_la    cos>0.95: 예 (0.978) · r>0.8: 아니오 (0.166) · 재현율>0.7: 예 (0.779 · 665/854 · 상한† 0.830)
  aptos2019     B_ldam  cos>0.95: 아니오 (0.939) · r>0.8: 아니오 (0.782) · 재현율>0.7: 아니오 (0.224 · 170/759 · 상한† 0.414)
  oral_diseases A1      cos>0.95: 아니오 (0.814) · r>0.8: 아니오 (-0.496) · 재현율>0.7: 해석 보류 — δ 미식별 (학습 fold 에서 기준선이 팔을 100.0% 재현 → 맞출 불일치 없음 · 관측 0.011 · 상한† 0.427)
  oral_diseases A2      cos>0.95: 예 (0.994) · r>0.8: 아니오 (0.273) · 재현율>0.7: 해석 보류 — δ 미식별 (학습 fold 에서 기준선이 팔을 100.0% 재현 → 맞출 불일치 없음 · 관측 0.050 · 상한† 0.850)
  oral_diseases A2d     cos>0.95: 예 (0.995) · r>0.8: 아니오 (0.651) · 재현율>0.7: 해석 보류 — δ 미식별 (학습 fold 에서 기준선이 팔을 100.0% 재현 → 맞출 불일치 없음 · 관측 0.000 · 상한† 0.857)
  oral_diseases A3      cos>0.95: 아니오 (0.798) · r>0.8: 아니오 (0.732) · 재현율>0.7: 해석 보류 — δ 미식별 (학습 fold 에서 기준선이 팔을 100.0% 재현 → 맞출 불일치 없음 · 관측 0.005 · 상한† 0.368)
  oral_diseases A4      cos>0.95: 아니오 (0.813) · r>0.8: 아니오 (-0.339) · 재현율>0.7: 해석 보류 — δ 미식별 (학습 fold 에서 기준선이 팔을 100.0% 재현 → 맞출 불일치 없음 · 관측 0.005 · 상한† 0.392)
  oral_diseases A5      cos>0.95: 아니오 (0.683) · r>0.8: 아니오 (-0.832) · 재현율>0.7: 아니오 (0.003 · 1/297 · 상한† 0.266) ‡δ 미식별 fold 13개
  oral_diseases A5s     cos>0.95: 아니오 (0.707) · r>0.8: 아니오 (-0.633) · 재현율>0.7: 아니오 (0.004 · 1/248 · 상한† 0.335) ‡δ 미식별 fold 14개

주 — cos 는 클래스 축 평균을 뺀(게이지 제거) 행 코사인. scale = ‖W_c^arm‖/‖W_c^CE‖ (LDAM 은 손실 안 s=30 때문에 크기가 다르다).
주 — 오프셋 δ 는 **학습 fold** 에서만 적합했고 평가 fold 에 그대로 적용했다. flips = 팔과 CE 의 예측이 다른 평가 이미지 수(15 fold 합).
주 — repro* 는 fold 를 뒤집힘 수로 가중한 풀링 재현율 Σ재현/Σ뒤집힘 이다. fold 평균은 CSV 의 flip_repro_mean 열(뒤집힘 0 인 fold 는 NaN 으로 빠진다).
주 — ‡ / '해석 보류' = **δ 미식별**. 학습 fold 에서 기준선 CE 가 이미 팔의 예측을 100% 재현하면 (구강처럼 학습 fold 가 분리 가능한 경우) 맞출 불일치가 없어 δ ≈ 0 이 되고 재현율이 **구조적으로** 0 이 된다. 이 0 을 '레버는 오프셋이 아니다'로 읽으면 안 된다 — 학습 fold 가 그 질문에 답할 정보를 담고 있지 않다는 뜻이다. train_agree_before · offset_identified 열로 구분한다.
주 — 상한† `flip_repro_ceiling` = 후보 오프셋 세 개(학습 fold 적합 δ · 평가 fold 에 직접 적합한 ls/greedy) 중 **최대 재현율**. 평가 fold 에 적합한 후보가 들어가므로 '오프셋 하나로 어디까지 가능한가'의 상한이다. 참라벨 y[te] 는 쓰지 않고 팔의 **예측**만 맞춘다. **표본 외 추정이 아니며** P3 대조·판정·원고 수치로 쓰지 않는다 — 위 '해석 보류'를 읽는 진단용이다.
주 — r(bias) 는 계획 문구 그대로의 원 회귀, r(gauge) 는 fold 안에서 상수를 뺀 게이지 제거판이다 (소프트맥스는 b 에 상수를 더해도 불변).
주 — CORAL/CORN(B3·B4·B3d·B4d)은 출력 차원(C−1)이 달라 W 대조에서 제외 → W11-4 프런티어에서 다룬다.
주 — 이 표는 **탐색적/exploratory 서술 통계**다. 검정·NB 보정·Holm·게이트 없음 (계획 §2 W11-3: '서술 통계 · 판정 없음'). CSV 의 bias_p·margin_spearman_p 는 서술용이며 어떤 결정에도 쓰지 않는다. w11 Holm 묶음에 합류하지 않고 §B 판정(0/18)도 건드리지 않는다.
주 — '성공/개선'을 판정으로 쓰지 않는다. P3 대조는 사전 기록 예측과의 문턱 비교일 뿐이다.

저장: /home/junkim/paper_ajou_dev/PanDerm/output_dir/p6_regime_f/w11_boundary.csv · /home/junkim/paper_ajou_dev/PanDerm/output_dir/p6_regime_f/w11_boundary_folds.csv · /home/junkim/paper_ajou_dev/PanDerm/output_dir/p6_regime_f/w11_boundary_summary.csv
소요: 117.2s
