🔬 W11-10 헤드 정규화 감사 (탐색적/exploratory) · 계획: docs/date/2026-09-03_12th_meeting/research_note/w11_exploratory_analysis_plan.md §2 W11-10
   device=cpu · datasets=['aptos2019', 'oral_diseases'] · wd=[0.0, 0.0001, 0.01, 0.1] · epochs=[50, 200, 2000] · folds=전체 15 · 총 720 fit · prefix=w11_
   실행 전 예측 (계획 §2 W11-10 행, 축자):
     P9-a: 구강 학습 정확도 1.0 (분리 가능)
     P9-b: 재가중 Δ 가 wd→0 에서 0 으로 수렴 (Byrd–Lipton)
   실행 전 고정 문구 문턱: SEP_ACC=0.999 · ZERO_DLT=0.005 (서술 전용 · 게이트 아님)
   HEAD 원본 상수(불변): {'epochs': 200, 'lr': 0.01, 'weight_decay': 0.0001, 'batch': None} · sweep 은 fit_eval_cfg 사본에서만

=== aptos2019 ===
  fold  0: 24/360 fit ·   17.1s (잔여 추정 238.8s)
  fold  1: 48/360 fit ·   33.7s (잔여 추정 219.4s)
  fold  2: 72/360 fit ·   51.5s (잔여 추정 206.1s)
  fold  3: 96/360 fit ·   76.4s (잔여 추정 210.1s)
  fold  4: 120/360 fit ·  103.3s (잔여 추정 206.6s)
  fold  5: 144/360 fit ·  129.5s (잔여 추정 194.3s)
  fold  6: 168/360 fit ·  153.9s (잔여 추정 175.9s)
  fold  7: 192/360 fit ·  179.2s (잔여 추정 156.8s)
  fold  8: 216/360 fit ·  206.2s (잔여 추정 137.4s)
  fold  9: 240/360 fit ·  231.3s (잔여 추정 115.6s)
  fold 10: 264/360 fit ·  257.2s (잔여 추정  93.5s)
  fold 11: 288/360 fit ·  280.1s (잔여 추정  70.0s)
  fold 12: 312/360 fit ·  297.2s (잔여 추정  45.7s)
  fold 13: 336/360 fit ·  314.5s (잔여 추정  22.5s)
  fold 14: 360/360 fit ·  331.2s (잔여 추정   0.0s)

=== oral_diseases ===
  fold  0: 24/360 fit ·    7.3s (잔여 추정 102.7s)
  fold  1: 48/360 fit ·   14.7s (잔여 추정  95.5s)
  fold  2: 72/360 fit ·   22.1s (잔여 추정  88.3s)
  fold  3: 96/360 fit ·   29.3s (잔여 추정  80.7s)
  fold  4: 120/360 fit ·   36.6s (잔여 추정  73.2s)
  fold  5: 144/360 fit ·   44.0s (잔여 추정  65.9s)
  fold  6: 168/360 fit ·   51.3s (잔여 추정  58.7s)
  fold  7: 192/360 fit ·   58.7s (잔여 추정  51.4s)
  fold  8: 216/360 fit ·   65.9s (잔여 추정  43.9s)
  fold  9: 240/360 fit ·   73.2s (잔여 추정  36.6s)
  fold 10: 264/360 fit ·   80.5s (잔여 추정  29.3s)
  fold 11: 288/360 fit ·   87.7s (잔여 추정  21.9s)
  fold 12: 312/360 fit ·   94.9s (잔여 추정  14.6s)
  fold 13: 336/360 fit ·  102.1s (잔여 추정   7.3s)
  fold 14: 360/360 fit ·  109.5s (잔여 추정   0.0s)
  ✅ S1_refcell_reproduces_B0 [aptos2019/baseline]: n=15 worst |Δ|=0.00e+00 ≤ 1e-09
  ✅ S1_refcell_reproduces_B1 [aptos2019/reweight]: n=15 worst |Δ|=0.00e+00 ≤ 1e-09
  ✅ S1_refcell_reproduces_A0 [oral_diseases/baseline]: n=15 worst |Δ|=0.00e+00 ≤ 1e-09
  ✅ S1_refcell_reproduces_A2 [oral_diseases/reweight]: n=15 worst |Δ|=0.00e+00 ≤ 1e-09
  ✅ S2_HEAD_constant_untouched [—/—]: n=1 worst |Δ|=0.00e+00 ≤ 0
저장: /home/junkim/paper_ajou_dev/PanDerm/output_dir/p6_regime_f/w11_head_reg_audit_folds.csv
저장: /home/junkim/paper_ajou_dev/PanDerm/output_dir/p6_regime_f/w11_head_reg_audit.csv
저장: /home/junkim/paper_ajou_dev/PanDerm/output_dir/p6_regime_f/w11_head_reg_audit_selfcheck.csv
saved /home/junkim/paper_ajou_dev/docs/paper/figures/w11_head_reg_audit.png
saved /home/junkim/paper_ajou_dev/docs/paper/figures/w11_head_reg_audit.pdf

==============================================================================================================================
W11-10 · 기준선(ce, 무가중) vs 재가중(ce, class-balanced) — 동결 특징 · 탐색적/exploratory · 판정 없음
==============================================================================================================================
ds                 wd    ep  trAcc b  trAcc rw  BACC base  BACC rw        Δ              95% CI    NBp   Holm     MDE   등가  비고
aptos2019           0    50   0.9030   0.8879      0.6500   0.6773  +0.0273   [+0.0112,+0.0434]  0.003  0.032  0.0226    —  
aptos2019      0.0001    50   0.9030   0.8879      0.6500   0.6773  +0.0273   [+0.0112,+0.0434]  0.003  0.032  0.0226    —  
aptos2019        0.01    50   0.9029   0.8879      0.6502   0.6774  +0.0272   [+0.0108,+0.0435]  0.003  0.032  0.0230    —  
aptos2019         0.1    50   0.9031   0.8877      0.6504   0.6779  +0.0275   [+0.0108,+0.0442]  0.003  0.032  0.0235    —  
aptos2019           0   200   0.9652   0.9610      0.6457   0.6555  +0.0098   [-0.0065,+0.0260]  0.220  1.000  0.0229    —  잡음 수준 — 부호 해석 금지
aptos2019      0.0001   200   0.9652   0.9610◆     0.6457   0.6555  +0.0098   [-0.0065,+0.0260]  0.220  1.000  0.0229    —  잡음 수준 — 부호 해석 금지
aptos2019        0.01   200   0.9649   0.9607      0.6458   0.6556  +0.0099   [-0.0062,+0.0260]  0.210  1.000  0.0226    —  잡음 수준 — 부호 해석 금지
aptos2019         0.1   200   0.9624   0.9584      0.6455   0.6593  +0.0138   [-0.0063,+0.0339]  0.162  1.000  0.0282    —  잡음 수준 — 부호 해석 금지
aptos2019           0  2000   0.9929   0.9926      0.6337   0.6354  +0.0016   [-0.0114,+0.0146]  0.791  1.000  0.0183    예  잡음 수준 — 부호 해석 금지
aptos2019      0.0001  2000   0.9929   0.9926      0.6337   0.6354  +0.0016   [-0.0114,+0.0146]  0.791  1.000  0.0183    예  잡음 수준 — 부호 해석 금지
aptos2019        0.01  2000   0.9929   0.9925      0.6341   0.6357  +0.0016   [-0.0101,+0.0134]  0.770  1.000  0.0165    예  잡음 수준 — 부호 해석 금지
aptos2019         0.1  2000   0.9927   0.9879      0.6330   0.6379  +0.0050   [-0.0108,+0.0207]  0.510  1.000  0.0221    예  잡음 수준 — 부호 해석 금지
oral_diseases       0    50   1.0000   0.9997      0.7474   0.7455  -0.0019   [-0.0126,+0.0089]  0.717  1.000  0.0151    예  잡음 수준 — 부호 해석 금지
oral_diseases  0.0001    50   1.0000   0.9997      0.7474   0.7455  -0.0019   [-0.0126,+0.0089]  0.717  1.000  0.0151    예  잡음 수준 — 부호 해석 금지
oral_diseases    0.01    50   1.0000   0.9997      0.7466   0.7463  -0.0003   [-0.0137,+0.0132]  0.966  1.000  0.0189    예  잡음 수준 — 부호 해석 금지
oral_diseases     0.1    50   1.0000   0.9995      0.7460   0.7474  +0.0013   [-0.0134,+0.0161]  0.850  1.000  0.0207    예  잡음 수준 — 부호 해석 금지
oral_diseases       0   200   1.0000   1.0000      0.7439   0.7470  +0.0031   [-0.0126,+0.0189]  0.675  1.000  0.0221    예  잡음 수준 — 부호 해석 금지
oral_diseases  0.0001   200   1.0000   1.0000◆     0.7439   0.7470  +0.0031   [-0.0126,+0.0189]  0.675  1.000  0.0221    예  잡음 수준 — 부호 해석 금지
oral_diseases    0.01   200   1.0000   1.0000      0.7432   0.7470  +0.0038   [-0.0115,+0.0190]  0.602  1.000  0.0214    예  잡음 수준 — 부호 해석 금지
oral_diseases     0.1   200   1.0000   1.0000      0.7418   0.7464  +0.0046   [-0.0100,+0.0191]  0.514  1.000  0.0205    예  잡음 수준 — 부호 해석 금지
oral_diseases       0  2000   1.0000   1.0000      0.7289   0.7294  +0.0005   [-0.0113,+0.0122]  0.935  1.000  0.0165    예  잡음 수준 — 부호 해석 금지
oral_diseases  0.0001  2000   1.0000   1.0000      0.7289   0.7294  +0.0005   [-0.0113,+0.0122]  0.935  1.000  0.0165    예  잡음 수준 — 부호 해석 금지
oral_diseases    0.01  2000   1.0000   1.0000      0.7295   0.7261  -0.0034   [-0.0133,+0.0064]  0.468  1.000  0.0139    예  잡음 수준 — 부호 해석 금지
oral_diseases     0.1  2000   1.0000   1.0000      0.7364   0.7378  +0.0014   [-0.0071,+0.0099]  0.729  1.000  0.0120    예  잡음 수준 — 부호 해석 금지
◆ = 사전 등록 HEAD 칸 (wd=1e-4, epochs=200) — 아카이브 A0/A2/B0/B1 과 정확히 일치 (자기 점검 S1)

── P9 (계획의 축자 예측) ──
  [P9-a] aptos2019      학습 fold 정확도 ≈ 1.0 (분리 가능)
          wd=0, epochs=2000 → 값 0.9928 (문턱 0.999) → 불부합(서술)
  [P9-b] aptos2019      재가중 Δ 가 wd→0 에서 0 으로 수렴 (Byrd–Lipton)
          epochs=2000: |Δ(wd=0)| vs |Δ(wd=0.1)| → 값 0.0016 (문턱 0.005) → 부합(서술)  · |Δ(wd=0)|=0.0016 · |Δ(wd=0.1)|=0.0050 · 축소=예 · ≤0.005=예 · Spearman(wd,|Δ|)=0.316
  [P9-a] oral_diseases  학습 fold 정확도 ≈ 1.0 (분리 가능)
          wd=0, epochs=2000 → 값 1.0000 (문턱 0.999) → 부합(서술)
  [P9-b] oral_diseases  재가중 Δ 가 wd→0 에서 0 으로 수렴 (Byrd–Lipton)
          epochs=2000: |Δ(wd=0)| vs |Δ(wd=0.1)| → 값 0.0005 (문턱 0.005) → 부합(서술)  · |Δ(wd=0)|=0.0005 · |Δ(wd=0.1)|=0.0014 · 축소=예 · ≤0.005=예 · Spearman(wd,|Δ|)=0.738

── wd 축의 실효 수준 (서술 · 판정 아님) ──
  aptos2019      wd=0 대 wd=1e-4 의 test BACC 최대 차 0.00e+00 · 완전히 같은 epoch 칸 [50, 200, 2000]
  oral_diseases  wd=0 대 wd=1e-4 의 test BACC 최대 차 0.00e+00 · 완전히 같은 epoch 칸 [50, 200, 2000]
  → 분리형 감쇠는 스텝당 (1 − lr·wd) = 1 − 1e-6 이라 두 최소 수준이 사실상 한 수준이다. P9-b 의 'wd→0' 은 그만큼 좁은 대비로 읽는다.

  ⚠️ 잡음 수준 — 부호 해석 금지 — NB p > 0.15 인 칸 20/24개: 이 칸들의 Δ 부호는 방향으로 읽지 않는다 (계획 §3 R10 확장).
  ⚠️ 이 표는 서술이다. 게이트도, 성능 판정도 아니다(계획 §2 W11-10 '서술' · §4 W11-8~10).

소요 443.0s · 모든 표는 탐색적/exploratory
