======================================================================================================================
W11-5 · 설계-전향 검정력 표 + 분산 분해 — 🔬 탐색적/exploratory · 판정 아님 (§B 0/18 불변)
======================================================================================================================

[self-check 1] 사전 등록 재현: mean_diff·sd·se_nb·mde_post 80개 항목이 arm_stats.csv / w2_arm_stats.csv 와 1e-9 이내 일치 ✅
[self-check 2] 비환원 분산 몫 ρ/(1/n+ρ) = 0.7895 (n=15, K=5) — NB 보정 분산의 78.9% 가 train/test 중첩 항 ✅

----------------------------------------------------------------------------------------------------------------------
표 1 — 설계-전향 MDE (목표 효과 = 항상 사전 하한) · 🔬 탐색적/exploratory · K=5
----------------------------------------------------------------------------------------------------------------------
ds        arm        Δ관측      sd          sd 95% CI    MDE∞            MDE∞ CI      R3     R10    R100     R→하한    R→|Δ|  
aptos2019 B1     +0.0098  0.0135  [0.0099,0.0213]  0.0189  [0.0138,0.0298]  0.0229  0.0200  0.0190      107     도달불가 ※
aptos2019 B1d    +0.0039  0.0090  [0.0066,0.0142]  0.0126  [0.0093,0.0199]  0.0153  0.0134  0.0127        2     도달불가 ※
aptos2019 B2     +0.0004  0.0195  [0.0143,0.0308]  0.0273  [0.0200,0.0431]  0.0331  0.0290  0.0275     도달불가     도달불가 ※
aptos2019 B3     +0.0180  0.0120  [0.0088,0.0190]  0.0169  [0.0123,0.0266]  0.0204  0.0179  0.0170        5       10
aptos2019 B3d    +0.0074  0.0165  [0.0121,0.0260]  0.0231  [0.0169,0.0365]  0.0280  0.0245  0.0233     도달불가     도달불가 ※
aptos2019 B4     +0.0193  0.0210  [0.0154,0.0332]  0.0295  [0.0216,0.0465]  0.0357  0.0312  0.0296     도달불가     도달불가
aptos2019 B4d    +0.0088  0.0149  [0.0109,0.0235]  0.0209  [0.0153,0.0329]  0.0253  0.0221  0.0210     도달불가     도달불가 ※
aptos2019 B5     -0.0017  0.0200  [0.0146,0.0315]  0.0280  [0.0205,0.0441]  0.0339  0.0297  0.0281     도달불가     도달불가 ※
aptos2019 B5s    +0.0006  0.0154  [0.0113,0.0244]  0.0216  [0.0158,0.0341]  0.0262  0.0229  0.0218     도달불가     도달불가 ※
oral_diseasesA1     -0.0040  0.0299  [0.0219,0.0472]  0.0419  [0.0307,0.0661]  0.0508  0.0445  0.0422     도달불가     도달불가 ※
oral_diseasesA2     +0.0031  0.0130  [0.0095,0.0205]  0.0182  [0.0134,0.0288]  0.0221  0.0193  0.0184        2     도달불가 ※
oral_diseasesA2d    -0.0019  0.0123  [0.0090,0.0194]  0.0172  [0.0126,0.0272]  0.0209  0.0183  0.0173        1     도달불가 ※
oral_diseasesA3     -0.0106  0.0325  [0.0238,0.0513]  0.0456  [0.0334,0.0718]  0.0551  0.0483  0.0458     도달불가     도달불가 ※
oral_diseasesA4     -0.0094  0.0292  [0.0214,0.0460]  0.0409  [0.0299,0.0645]  0.0495  0.0433  0.0411     도달불가     도달불가 ※
oral_diseasesA5     -0.0368  0.0399  [0.0292,0.0630]  0.0559  [0.0409,0.0882]  0.0677  0.0593  0.0562     도달불가     도달불가
oral_diseasesA5s    -0.0056  0.0336  [0.0246,0.0530]  0.0471  [0.0345,0.0743]  0.0570  0.0499  0.0474     도달불가     도달불가 ※
※ = NB p > 0.15 → R10: 잡음 수준 — 부호 해석 금지 (부호를 방향으로 읽지 않는다)
'도달불가' = MDE∞ 가 목표보다 크다 → 반복 R 을 아무리 늘려도 그 효과 크기는 80% 검정력으로 못 잡는다.

표 1s — 🔬 탐색적 감도 행 (K=10, ρ=1/9 · **사전 등록 설계가 아니다**)
ds        arm    MDE∞(K10)       R3      R10     R→하한
aptos2019 B1        0.0126   0.0149   0.0133        2
aptos2019 B1d       0.0084   0.0099   0.0089        1
aptos2019 B2        0.0182   0.0215   0.0192       13
aptos2019 B3        0.0112   0.0133   0.0118        1
aptos2019 B3d       0.0154   0.0182   0.0162        3
aptos2019 B4        0.0196   0.0232   0.0207     도달불가
aptos2019 B4d       0.0139   0.0164   0.0147        2
aptos2019 B5        0.0186   0.0220   0.0197       29
aptos2019 B5s       0.0144   0.0170   0.0152        2
oral_diseasesA1        0.0280   0.0330   0.0295        4
oral_diseasesA2        0.0122   0.0144   0.0128        1
oral_diseasesA2d       0.0115   0.0136   0.0121        1
oral_diseasesA3        0.0304   0.0358   0.0320       11
oral_diseasesA4        0.0272   0.0322   0.0287        4
oral_diseasesA5        0.0373   0.0440   0.0393     도달불가
oral_diseasesA5s       0.0314   0.0371   0.0331       29

----------------------------------------------------------------------------------------------------------------------
표 2 — Var(ΔBACC) 분해: 평가 표집 성분(이미지 부트스트랩) vs 학습/분할 잔차 · 🔬 탐색적/exploratory
----------------------------------------------------------------------------------------------------------------------

[aptos2019] 기준선 B0 · 해석적 단일 split Var(BACC) = 5.662e-04 (sd 0.0238) · 실제 fold 간 BACC 분산 5.656e-04 (sd 0.0238)
   클래스별 분산 몫: no_dr=0.3%(이미지 49%) · mild=22.5%(이미지 10%) · moderate=6.2%(이미지 27%) · severe=41.5%(이미지 5%) · proliferative_dr=29.5%(이미지 8%)

[oral_diseases] 기준선 A0 · 해석적 단일 split Var(BACC) = 1.673e-03 (sd 0.0409) · 실제 fold 간 BACC 분산 1.537e-03 (sd 0.0392)
   클래스별 분산 몫: CaS=7.1%(이미지 15%) · CoS=2.0%(이미지 15%) · Gum=21.4%(이미지 12%) · MC=15.8%(이미지 17%) · OC=22.1%(이미지 10%) · OLP=13.9%(이미지 18%) · OT=17.7%(이미지 12%)

[self-check 3] w11 고정 예측 → fold BACC 재계산이 사전 등록 fold_scores 와 1e-9 이내 일치: 300개 (arm, fold) ✅
[self-check 4] 층화 부트스트랩(2000회) 분산 vs 닫힌 형태 (1/C²)Σ s²_c/m_c: 최대 상대오차 2.42% (허용 12.7% = 4·√(2/(B−1))) ✅

ds        arm        Var 총       평가표집    평가(FPC)       잔차(학습/분할)     잔차 몫  MDE₈₀(R3)   MDE₈₀ 무한 test
aptos2019 B1     1.819e-04  2.060e-04  1.648e-04      -2.412e-05*   -13.3%     0.0229     —
aptos2019 B2     3.805e-04  3.393e-04  2.714e-04       4.118e-05     10.8%     0.0331          0.0109
aptos2019 B3     1.447e-04  4.536e-04  3.629e-04      -3.089e-04*  -213.4%     0.0204     —
aptos2019 B4     4.425e-04  3.590e-04  2.872e-04       8.347e-05     18.9%     0.0357          0.0155
aptos2019 B5     3.987e-04  2.738e-04  2.190e-04       1.250e-04     31.3%     0.0339          0.0190
aptos2019 B5s    2.386e-04  2.237e-04  1.789e-04       1.491e-05      6.2%     0.0262          0.0065
aptos2019 B1d    8.136e-05  1.114e-04  8.908e-05      -2.999e-05*   -36.9%     0.0153     —
aptos2019 B3d    2.723e-04  4.957e-04  3.965e-04      -2.233e-04*   -82.0%     0.0280     —
aptos2019 B4d    2.220e-04  3.523e-04  2.819e-04      -1.303e-04*   -58.7%     0.0253     —
oral_diseasesA1     8.963e-04  8.654e-04  6.930e-04       3.085e-05      3.4%     0.0508          0.0094
oral_diseasesA2     1.696e-04  1.182e-04  9.496e-05       5.143e-05     30.3%     0.0221          0.0122
oral_diseasesA3     1.058e-03  9.481e-04  7.585e-04       1.094e-04     10.3%     0.0551          0.0177
oral_diseasesA4     8.513e-04  8.813e-04  7.057e-04      -2.995e-05*    -3.5%     0.0495     —
oral_diseasesA5     1.593e-03  1.258e-03  1.007e-03       3.351e-04     21.0%     0.0677          0.0310
oral_diseasesA5s    1.131e-03  1.119e-03  8.961e-04       1.122e-05      1.0%     0.0570          0.0057
oral_diseasesA2d    1.515e-04  8.205e-05  6.551e-05       6.940e-05     45.8%     0.0209          0.0141
→ 어떤 test 셋 크기로도 없앨 수 없는 몫(중앙값): 학습/분할 잔차 14.8% of Var(ΔBACC) (FPC 부차 열 기준 31.9%). test 이미지를 무한히 늘려도 남는다.
  * = 잔차 추정치가 **음수**(6/16 대조). 이는 '학습/분할 잡음이 없다'는 뜻이 **아니라**, 15 fold 의 표본분산이 단일 split 분산을 과소추정한다는 뜻이다 — 한 repeat 의 5 test fold 는 풀을 분할하므로 서로 음의 상관을 갖고, 3 repeat 는 같은 이미지를 재사용한다(Bengio–Grandvalet 2004: K-fold 분산의 불편 추정량은 존재하지 않는다). 0 으로 자르지 않고 그대로 보고하며, 해당 행의 'MDE₈₀ 무한 test' 는 정의되지 않는다(—). 중앙값에서도 제외했다.
  (주의 1: 15 fold 는 독립이 아니다 — 3 repeat 가 같은 이미지를 재사용한다. 위 분해는 서술적이다.)
  (주의 2: 부트스트랩은 test fold 를 **초모집단에서의 복원추출**로 보지만 실제 5-fold 는 풀을
   **비복원 분할**한다 → 평가 표집 성분이 계통적으로 과대추정된다. 유한모집단 보정 열
   var_eval_boot_fpc 를 부차 열로 병기했다. 동결 계획의 주 추정량은 보정 전 값 그대로다.)

----------------------------------------------------------------------------------------------------------------------
표 3 — S8 §2 에이전트 계산과의 대조 (🧮 재현 전 인용 금지 항목) · 🔬 탐색적/exploratory
----------------------------------------------------------------------------------------------------------------------
  일치    wave-1 8팔 중 사전 하한 도달 불가 팔                    S8=A1, A3, A4, B2, B4     본 스크립트=A1, A3, A4, B2, B4
  일치    B3: 사전 하한 도달 최소 R                            S8=5                      본 스크립트=5
  일치    A2: 사전 하한 도달 최소 R                            S8=2                      본 스크립트=2
  일치    B1: 사전 하한 도달 최소 R                            S8=107                    본 스크립트=107
  일치    B3: |관측 Δ|(0.0180) 도달 최소 R                   S8=10                     본 스크립트=10
  일치    B3: MDE∞ 의 χ² 밴드                             S8=(0.0123, 0.0266)       본 스크립트=(0.0123, 0.0266)
  일치    APTOS 단일 split 분산 중 mild+severe+prolif 몫     S8=0.936                  본 스크립트=0.935
  일치    APTOS 단일 split 분산 중 no_dr 몫                  S8=0.003                  본 스크립트=0.003
  일치    위 세 등급의 이미지 몫                                S8=0.23                   본 스크립트=0.23
  일치    비환원 분산 몫 ρ/(1/n+ρ), n=15                     S8=0.79                   본 스크립트=0.79
→ S8 §2 대조: 10/10 항목 일치

저장 → /home/junkim/paper_ajou_dev/PanDerm/output_dir/p6_regime_f/w11_power_table.csv
저장 → /home/junkim/paper_ajou_dev/PanDerm/output_dir/p6_regime_f/w11_var_decomp.csv
저장 → /home/junkim/paper_ajou_dev/PanDerm/output_dir/p6_regime_f/w11_power_s8_checks.csv
  saved /home/junkim/paper_ajou_dev/docs/paper/figures/w11_power_design.png
  saved /home/junkim/paper_ajou_dev/docs/paper/figures/w11_power_design.pdf

======================================================================================================================
각주 — 왜 '관측 검정력(observed power)'을 보고하지 않는가
  Hoenig JM, Heisey DM. The abuse of power: the pervasive fallacy of power calculations for data
  analysis. Am Stat 2001;55(1):19–24. 관측 효과를 목표 효과로 넣은 사후 검정력은 p 값의 단조 함수라
  새 정보가 없다(p 가 크면 검정력이 낮게 나오는 것은 동어반복). 따라서 이 표의 목표 효과는
  **항상 사전 등록 하한**(APTOS 0.019 · Oral 0.032)이며, |관측 Δ| 열은 '그 크기의 효과를 잡으려면
  어떤 설계가 필요했나'라는 **설계 진술**일 뿐 관측 검정력이 아니다.
  분산 하한의 이유: Bengio & Grandvalet, JMLR 2004;5:1089–1105 (K-fold CV 분산의 불편 추정량 부재).
  NB 보정: Nadeau & Bengio 2003 · 우리 구현은 p5c_robust_stats.nb_corrected(ratio=0.25) 그대로.
  이 스크립트에는 새 가설 검정이 없다 → Holm 묶음 없음(w11 묶음도 만들지 않는다).
  전부 🔬 탐색적/exploratory · §B 판정(0/18)과 사전 등록 문턱은 불변.
======================================================================================================================
