[2026-09-08 15:53:32] === w11 runner start (pid 893986) ===
[2026-09-08 15:53:32] claim_pack start
[2026-09-08 15:53:41] claim_pack exit 0 (9s)
[2026-09-08 15:53:41] posthoc_la start
[2026-09-08 15:53:45] posthoc_la exit 0 (4s)
[2026-09-08 15:53:45] power_table start
[2026-09-08 15:53:49] power_table exit 0 (4s)
[2026-09-08 15:53:49] boundary start
[2026-09-08 15:55:49] boundary exit 0 (120s)
[2026-09-08 15:55:49] frontier start
[2026-09-08 15:55:56] frontier exit 0 (7s)
[2026-09-08 15:55:56] calibration start
[2026-09-08 15:58:07] calibration exit 0 (131s)
[2026-09-08 15:58:07] cost_model start
[2026-09-08 15:58:12] cost_model exit 0 (5s)
[2026-09-08 15:58:12] prior_shift start
[2026-09-08 15:58:19] prior_shift exit 0 (7s)
[2026-09-08 15:58:19] geometry start
[2026-09-08 15:58:30] geometry exit 0 (11s)
[2026-09-08 15:58:30] head_reg start
[2026-09-08 16:05:56] head_reg exit 0 (446s)
[2026-09-08 16:05:56] refstd start
[2026-09-08 16:07:15] refstd exit 0 (79s)
[2026-09-08 16:07:15] patchmean start (GPU)
[2026-09-08 16:10:32] patchmean exit 0 (197s)
[2026-09-08 16:10:32] === w11 runner done ===
